[totalsweet.co.uk/index.html]
[backblue.gif]
[fade.gif]
[index.html]
[totalsweet.co.uk/images/meta/meta-logo.png]
[totalsweet.co.uk/browserconfig.xml]
[totalsweet.co.uk/images/meta/touch-icon.png]
[totalsweet.co.uk/images/meta/favicon.png]
[totalsweet.co.uk/news/rss]
[totalsweet.co.uk/css/main0dbe.css]
[totalsweet.co.uk/css/print0dbe.css]
[totalsweet.co.uk/js/modernizr.js]
[totalsweet.co.uk/images/ts-logo.png]
[totalsweet.co.uk/xylitol/index.html]
[totalsweet.co.uk/mixes.html]
[totalsweet.co.uk/benefits/index.html]
[totalsweet.co.uk/recipes/index.html]
[totalsweet.co.uk/images/graphics/special/product-fallback.png]
[totalsweet.co.uk/stockists/index.html]
[totalsweet.co.uk/news/index.html]
[totalsweet.co.uk/diabetes/index.html]
[totalsweet.co.uk/total-sweet-the-environment.html]
[totalsweet.co.uk/admin/resources/promotions/tree-graphic-w500h500.png]
[totalsweet.co.uk/xylitol/index-2.html]
[totalsweet.co.uk/dog-owners.html]
[totalsweet.co.uk/admin/resources/content/2022totalsweetproduct1987-w300h300.jpg]
[totalsweet.co.uk/benefits/dieters.html]
[totalsweet.co.uk/benefits/dental.html]
[totalsweet.co.uk/benefits/cooking.html]
[totalsweet.co.uk/recipes/index-2.html]
[totalsweet.co.uk/recipes/breakfast/perfect-pancakes.html]
[totalsweet.co.uk/admin/resources/recipes/pancake01-w240h240.jpg]
[totalsweet.co.uk/recipes/desserts/no-bake-chocolate-tart.html]
[totalsweet.co.uk/admin/resources/recipes/no-bakechocolatetart-w240h240.png]
[code.createjs.com/createjs-2015.11.26.min.js]
[totalsweet.co.uk/js/banner.js]
[totalsweet.co.uk/images/ts-logo--reversed.png]
[totalsweet.co.uk/privacy-and-terms-conditions.html]
[totalsweet.co.uk/study.html]
[totalsweet.co.uk/xylitol/about.html]
[totalsweet.co.uk/contact-us.html]
[totalsweet.co.uk/xylitol/faqs.html]
[totalsweet.co.uk/images/graphics/footer-package.png]
[totalsweet.co.uk/js/vendor/require.js]
[www.google.com/recaptcha/api6eb3.js]
[totalsweet.co.uk/index.html]
[totalsweet.co.uk/xylitol/expert-opinion.html]
[totalsweet.co.uk/xylitol/how-is-our-xylitol-made.html]
[connect.facebook.net/en_GB/sdk.js]
[assets.pinterest.com/js/pinit.js]
[totalsweet.co.uk/admin/resources/content/202178total-sweet-test15643-w340.jpg]
[totalsweet.co.uk/benefits/sustainability.html]
[totalsweet.co.uk/xylitol/index.html]
[totalsweet.co.uk/admin/resources/content/instagram-photo-for-ts.jpg]
[totalsweet.co.uk/benefits/index.html]
[totalsweet.co.uk/admin/resources/content/screenshot-2022-03-17-at-09.26.25-1-w557.png]
[totalsweet.co.uk/admin/resources/recipes/adobestock172859452-w320h230.jpg]
[totalsweet.co.uk/recipes/snacks-treats/keto-macarons.html]
[totalsweet.co.uk/recipes/breakfast/blueberry-breakfast-muffins.html]
[totalsweet.co.uk/admin/resources/recipes/sugar-free-me-image-w240h240.jpg]
[totalsweet.co.uk/recipes/breakfast/yolanda-dawsons-vegan-french-toast.html]
[totalsweet.co.uk/admin/resources/recipes/dscn4188-newwww-w240h240.jpg]
[totalsweet.co.uk/recipes/breakfast/fruit-and-yoghurt-crunch-pots.html]
[totalsweet.co.uk/admin/resources/recipes/dgphoto1269087-w240h240.jpg]
[totalsweet.co.uk/recipes/breakfast/raspberry-jam.html]
[totalsweet.co.uk/admin/resources/recipes/raspberry-jam-w240h240.jpg]
[totalsweet.co.uk/recipes/breakfast/vegan-acai-protein-bowl.html]
[totalsweet.co.uk/admin/resources/recipes/2022totalsweetyoghurt-bowl1519-w240h240.jpg]
[totalsweet.co.uk/recipes/breakfast/no-added-sugar-hazelnut-chocolate-spread.html]
[totalsweet.co.uk/admin/resources/recipes/adobestock72242077-w240h240.jpg]
[totalsweet.co.uk/recipes/breakfast/fresh-croissants.html]
[totalsweet.co.uk/admin/resources/recipes/2022totalsweetcroissants00225-square-w240h240.jpg]
[totalsweet.co.uk/recipes/desserts/chocolate-ice-cream.html]
[totalsweet.co.uk/admin/resources/recipes/ice-cream-2-w240h240.jpg]
[totalsweet.co.uk/recipes/desserts/low-sugar-panna-cotta.html]
[totalsweet.co.uk/admin/resources/recipes/panna-cotta-image-w240h240.jpg]
[totalsweet.co.uk/recipes/desserts/fruits-of-the-forest-tiramisu.html]
[totalsweet.co.uk/admin/resources/recipes/total-sweet5375-w240h240.jpg]
[totalsweet.co.uk/recipes/desserts/no-added-sugar-chocolate-beetroot-cake.html]
[totalsweet.co.uk/admin/resources/blog/1385644300beetrootcake-w240h240.jpg]
[totalsweet.co.uk/recipes/desserts/gluten-free-dairy-free-wheat-free-no-added-sugar-apple-almond-cake.html]
[totalsweet.co.uk/admin/resources/recipes/apple-and-almond-image-w240h240.jpg]
[totalsweet.co.uk/recipes/desserts/spiced-baked-apples.html]
[totalsweet.co.uk/admin/resources/recipes/1355232294touchedupspicedapple2-w240h240.jpg]
[totalsweet.co.uk/recipes/desserts/xylitol-plum-and-cinnamon-crumble.html]
[totalsweet.co.uk/admin/resources/recipes/plum-and-cinnamon-crumble-2-w240h240.jpg]
[totalsweet.co.uk/recipes/desserts/summery-fruit-cake.html]
[totalsweet.co.uk/admin/resources/recipes/summery-fruit-cake-w240h240.jpg]
[totalsweet.co.uk/recipes/desserts/raspberry-coconut-flan.html]
[totalsweet.co.uk/admin/resources/recipes/flan-1-w240h240.jpg]
[totalsweet.co.uk/recipes/desserts/the-best-chocolate-cake-ever.html]
[totalsweet.co.uk/admin/resources/blog/1464971938bestchocolatecakeeversmall-w240h240.jpg]
[totalsweet.co.uk/recipes/desserts/no-added-sugar-berry-meringues.html]
[totalsweet.co.uk/admin/resources/recipes/berry-meringues-medium-w240h240.jpg]
[totalsweet.co.uk/recipes/desserts/chocolate-courgette-cake.html]
[totalsweet.co.uk/admin/resources/recipes/totalsweet25aug2011306-w240h240.jpg]
[totalsweet.co.uk/recipes/desserts/chocolate-cheesecake.html]
[totalsweet.co.uk/admin/resources/recipes/totalsweet25aug2011365-w240h240.jpg]
[totalsweet.co.uk/recipes/desserts/no-added-sugar-carrot-cake.html]
[totalsweet.co.uk/admin/resources/recipes/1316783298totalsweet25aug2011383-w240h240.jpg]
[totalsweet.co.uk/recipes/desserts/rhubarb-and-ginger-fool.html]
[totalsweet.co.uk/admin/resources/recipes/totalsweet24aug2011183-w240h240.jpg]
[totalsweet.co.uk/recipes/desserts/the-healthy-beard-vegan-gluten-free-pumpkin-pie.html]
[totalsweet.co.uk/admin/resources/recipes/thehealthy-beard-w240h240.png]
[totalsweet.co.uk/recipes/desserts/drop-scones.html]
[totalsweet.co.uk/admin/resources/recipes/dgphoto1269120-w240h240.jpg]
[totalsweet.co.uk/recipes/desserts/phils-spiced-apple-tea-cake.html]
[totalsweet.co.uk/admin/resources/recipes/spiced-apple-cake-web-w240h240.jpg]
[totalsweet.co.uk/recipes/desserts/phils-sweet-ricotta-doughnuts.html]
[totalsweet.co.uk/admin/resources/recipes/ricotta-doughnuts-web-w240h240.jpg]
[totalsweet.co.uk/recipes/desserts/phils-poppy-seed-lime-drizzle-cake.html]
[totalsweet.co.uk/admin/resources/recipes/drizzle-cake-web-w240h240.jpg]
[totalsweet.co.uk/recipes/desserts/phils-rich-chocolate-orange-tart.html]
[totalsweet.co.uk/admin/resources/recipes/chocolate-orange-tart-web-w240h240.jpg]
[totalsweet.co.uk/recipes/desserts/phils-blueberry-trifle.html]
[totalsweet.co.uk/admin/resources/recipes/blueberry-trifle-web-w240h240.jpg]
[totalsweet.co.uk/recipes/desserts/spiced-christmas-meringue-parfait-with-spiced-pears.html]
[totalsweet.co.uk/admin/resources/recipes/phils-w240h240.jpg]
[totalsweet.co.uk/recipes/desserts/blood-orange-almond-cake.html]
[totalsweet.co.uk/admin/resources/recipes/blood-orange-almond-cake-2-w240h240.jpg]
[totalsweet.co.uk/recipes/desserts/low-sugar-profiteroles.html]
[totalsweet.co.uk/admin/resources/recipes/profiteroles-18-w240h240.jpg]
[totalsweet.co.uk/recipes/desserts/vegan-key-lime-pie-with-a-crunchy-sweet-nut-base.html]
[totalsweet.co.uk/admin/resources/recipes/key-lime-pie-w240h240.jpg]
[totalsweet.co.uk/recipes/desserts/alternative-christmas-cake.html]
[totalsweet.co.uk/admin/resources/recipes/alternative-christmas-cake05-small-w240h240.jpg]
[totalsweet.co.uk/recipes/desserts/chocolate-ganache-hand-held-pies.html]
[totalsweet.co.uk/admin/resources/recipes/hand-held-pies-smaller-w240h240.jpg]
[totalsweet.co.uk/recipes/desserts/apple-spice-hazelnut-steamed-pud-tea-cup-cake.html]
[totalsweet.co.uk/admin/resources/recipes/tea-cup-cake-small-w240h240.jpg]
[totalsweet.co.uk/recipes/desserts/stripy-swiss-roll.html]
[totalsweet.co.uk/admin/resources/recipes/swiss-roll02-smaller-w240h240.jpg]
[totalsweet.co.uk/recipes/desserts/simnel-cake.html]
[totalsweet.co.uk/admin/resources/recipes/simnel-cake-small-w240h240.jpg]
[totalsweet.co.uk/recipes/desserts/upside-down-almond-orange-coconut-cake.html]
[totalsweet.co.uk/admin/resources/recipes/upside-down-almond-orange-coconut-cake-web-w240h240.jpg]
[totalsweet.co.uk/recipes/desserts/brandy-snaps.html]
[totalsweet.co.uk/admin/resources/recipes/kitchen-hacks-w240h240.jpg]
[totalsweet.co.uk/recipes/desserts/pumpkin-pie/index.html]
[totalsweet.co.uk/admin/resources/recipes/pumpkin-pie-08-w240h240.jpg]
[totalsweet.co.uk/recipes/desserts/totally-sweet-brownies.html]
[totalsweet.co.uk/admin/resources/recipes/brownie-02-w240h240.jpg]
[totalsweet.co.uk/recipes/desserts/strawberry-swirl-ice-cream.html]
[totalsweet.co.uk/admin/resources/recipes/strawberry-swirl-04-w240h240.jpg]
[totalsweet.co.uk/recipes/desserts/seasonal-stollen.html]
[totalsweet.co.uk/admin/resources/recipes/stollen-16-w240h240.jpg]
[totalsweet.co.uk/recipes/desserts/quick-no-cook-cheesecake.html]
[totalsweet.co.uk/admin/resources/recipes/cheesecake-15-w240h240.jpg]
[totalsweet.co.uk/recipes/desserts/matcha-chocolate-fudge.html]
[totalsweet.co.uk/admin/resources/recipes/adobestock110769014-w240h240.jpg]
[totalsweet.co.uk/recipes/desserts/food-week-rice-pudding.html]
[totalsweet.co.uk/admin/resources/recipes/adobestock447313121-w240h240.jpg]
[totalsweet.co.uk/recipes/desserts/cornflakes-cookies.html]
[totalsweet.co.uk/admin/resources/recipes/adobestock467194672-2-w240h240.jpg]
[totalsweet.co.uk/recipes/desserts/waste-week-chocolate-browine.html]
[totalsweet.co.uk/admin/resources/recipes/adobestock140972725-w240h240.jpg]
[totalsweet.co.uk/recipes/desserts/keto-chocolate-cake.html]
[totalsweet.co.uk/admin/resources/recipes/2022totalsweetchocolate-keto-cake5322-w240h240.jpg]
[totalsweet.co.uk/recipes/sauces-salads/rhubarb-and-raspberry-jam.html]
[totalsweet.co.uk/admin/resources/recipes/rr-jam-w240h240.jpg]
[totalsweet.co.uk/recipes/sauces-salads/no-added-sugar-blackcurrant-jam.html]
[totalsweet.co.uk/admin/resources/recipes/blackcurrant-jam-w240h240.jpg]
[totalsweet.co.uk/recipes/sauces-salads/courgette-chutney.html]
[totalsweet.co.uk/admin/resources/recipes/totalsweet25aug2011500edit-w240h240.jpg]
[totalsweet.co.uk/recipes/sauces-salads/total-tomato-sauce.html]
[totalsweet.co.uk/admin/resources/recipes/tomato-sauce-w240h240.jpg]
[totalsweet.co.uk/recipes/sauces-salads/roasted-vegetable-lentils-with-tahini-cream-sauce.html]
[totalsweet.co.uk/admin/resources/recipes/web2-w240h240.jpg]
[totalsweet.co.uk/recipes/sauces-salads/roasted-butternut-squash-and-apple-soup.html]
[totalsweet.co.uk/admin/resources/recipes/copy-of-copy-of-dsc04527-w240h240.jpg]
[totalsweet.co.uk/recipes/sauces-salads/salmon-spring-greens-tart-with-a-walnut-almond-pastry-crust.html]
[totalsweet.co.uk/admin/resources/recipes/salmon-tart-web-w240h240.jpg]
[totalsweet.co.uk/recipes/sauces-salads/festive-cranberry-sauce.html]
[totalsweet.co.uk/admin/resources/recipes/totalsweetbaking-daynocroplif-223-w240h240.jpg]
[totalsweet.co.uk/recipes/sauces-salads/mango-salad-thai-dressing.html]
[totalsweet.co.uk/admin/resources/recipes/salad-09-w240h240.jpg]
[totalsweet.co.uk/recipes/snacks-treats/janes-no-added-sugar-biscotti.html]
[totalsweet.co.uk/admin/resources/recipes/1425981582biscottiimage-w240h240.jpg]
[totalsweet.co.uk/recipes/snacks-treats/xylitol-meringue-kisses.html]
[totalsweet.co.uk/admin/resources/recipes/xylitol-meringue-kisses-w240h240.jpg]
[totalsweet.co.uk/recipes/snacks-treats/mince-pie-parcels.html]
[totalsweet.co.uk/admin/resources/recipes/mince-pie-parcels-small-w240h240.jpg]
[totalsweet.co.uk/recipes/snacks-treats/chocolate-chestnut-truffles.html]
[totalsweet.co.uk/admin/resources/recipes/truffles-4-w240h240.jpg]
[totalsweet.co.uk/recipes/snacks-treats/apple-cinnamon-muffins.html]
[totalsweet.co.uk/admin/resources/recipes/apple-and-cinnamon-muffins-2-medium-w240h240.jpg]
[totalsweet.co.uk/recipes/snacks-treats/wicked-cheese-and-chilli-muffins.html]
[totalsweet.co.uk/admin/resources/content/chilli-muffins-stack-medium-w240h240.jpg]
[totalsweet.co.uk/recipes/snacks-treats/healthy-oat-bakes.html]
[totalsweet.co.uk/admin/resources/recipes/oatbars-w240h240.jpg]
[totalsweet.co.uk/recipes/snacks-treats/low-sugar-mini-carrot-cupcakes.html]
[totalsweet.co.uk/admin/resources/recipes/minature-carrot-cakes-4-w240h240.jpg]
[totalsweet.co.uk/recipes/snacks-treats/banana-and-pecan-tea-bread.html]
[totalsweet.co.uk/admin/resources/recipes/dgphoto1269035-w240h240.jpg]
[totalsweet.co.uk/recipes/snacks-treats/orange-and-peanut-butter-biscuits.html]
[totalsweet.co.uk/admin/resources/recipes/dgphoto1269151-w240h240.jpg]
[totalsweet.co.uk/recipes/snacks-treats/phils-raspberry-finger-diggles.html]
[totalsweet.co.uk/admin/resources/recipes/raspberry-diggles-w240h240.jpg]
[totalsweet.co.uk/recipes/snacks-treats/phils-vegan-apple-olive-oil-pinenut-cake.html]
[totalsweet.co.uk/admin/resources/recipes/pine-nut-low2-w240h240.jpg]
[totalsweet.co.uk/recipes/snacks-treats/sugar-free-peanut-butter-swirl-brownies.html]
[totalsweet.co.uk/admin/resources/recipes/sugar-free-peanut-butter-swirl-brownies-9-w240h240.jpg]
[totalsweet.co.uk/recipes/snacks-treats/sugar-free-viennese-whirls.html]
[totalsweet.co.uk/admin/resources/recipes/viennese-whirls-18-w240h240.jpg]
[totalsweet.co.uk/recipes/snacks-treats/low-sugar-bakewell-tarts.html]
[totalsweet.co.uk/admin/resources/recipes/bakewell-tarts-23-w240h240.jpg]
[totalsweet.co.uk/recipes/snacks-treats/low-sugar-brown-butter-sea-salt-madeleines.html]
[totalsweet.co.uk/admin/resources/recipes/brown-butter-sea-salt-madeleines-12-w240h240.jpg]
[totalsweet.co.uk/recipes/snacks-treats/strawberry-dark-chocolate-polenta-swirls.html]
[totalsweet.co.uk/admin/resources/recipes/jwp9328-w240h240.jpg]
[totalsweet.co.uk/recipes/snacks-treats/orange-and-cardamom-shortbread.html]
[totalsweet.co.uk/admin/resources/recipes/shortbread04-small-w240h240.jpg]
[totalsweet.co.uk/recipes/snacks-treats/ginger-slice.html]
[totalsweet.co.uk/admin/resources/recipes/gingerbread-slice02-small-w240h240.jpg]
[totalsweet.co.uk/recipes/snacks-treats/tear-n-share-sticky-hot-cross-buns.html]
[totalsweet.co.uk/admin/resources/recipes/hot-cross-buns-1-small-w240h240.jpg]
[totalsweet.co.uk/recipes/snacks-treats/chilli-orange-vegan-sugar-free-dark-chocolates.html]
[totalsweet.co.uk/admin/resources/recipes/chocolates-small-ws-w240h240.jpg]
[totalsweet.co.uk/recipes/snacks-treats/mince-pies.html]
[totalsweet.co.uk/admin/resources/recipes/mince-pies-smaller-w240h240.jpg]
[totalsweet.co.uk/recipes/snacks-treats/totally-sweet-gingerbread.html]
[totalsweet.co.uk/admin/resources/recipes/gingerbread-19-w240h240.jpg]
[totalsweet.co.uk/recipes/snacks-treats/toffee-apples.html]
[totalsweet.co.uk/admin/resources/recipes/toffee-apples-13-w240h240.jpg]
[totalsweet.co.uk/recipes/snacks-treats/pumpkin-latte.html]
[totalsweet.co.uk/admin/resources/recipes/latte-11-w240h240.jpg]
[totalsweet.co.uk/recipes/snacks-treats/banana-oat-vegan-cookies.html]
[totalsweet.co.uk/admin/resources/recipes/adobestock331371188-w240h240.jpg]
[totalsweet.co.uk/admin/resources/recipes/adobestock172859452-w240h240.jpg]
[totalsweet.co.uk/recipes/snacks-treats/vegan-easter-biscuits.html]
[totalsweet.co.uk/admin/resources/recipes/2022totalsweeteaster-biscuits5141-1-w240h240.jpg]
[totalsweet.co.uk/recipes/snacks-treats/lemon-polenta-biscuits.html]
[totalsweet.co.uk/admin/resources/recipes/adobestock104032959-w240h240.jpg]
[totalsweet.co.uk/recipes/recipe-booklet.html]
[totalsweet.co.uk/recipes/index.html]
[totalsweet.co.uk/admin/resources/content/diabetesfriendlybooklet-w250.jpg]
[totalsweet.co.uk/diabetes/diabetes-cookbook.html]
[totalsweet.co.uk/diabetes/index.html]
[totalsweet.co.uk/news/415-health-risk-associated-with-artifical-sweeteners.html]
[totalsweet.co.uk/admin/resources/blog/screenshot-2022-04-04-at-16.55.11-w555h350.png]
[totalsweet.co.uk/news/414-balancing-glucose-levels.html]
[totalsweet.co.uk/news/413-did-you-know.html]
[totalsweet.co.uk/news/archive.html]
[totalsweet.co.uk/news/index.html]
[totalsweet.co.uk/stockists/information-for-retailers.html]
[totalsweet.co.uk/admin/resources/logos/waitrose-w136h50.png]
[totalsweet.co.uk/admin/resources/logos/sainsburys-w136h50.png]
[totalsweet.co.uk/admin/resources/logos/tescos-w136h50.png]
[totalsweet.co.uk/admin/resources/logos/asda-logo-2-w136h50.jpg]
[totalsweet.co.uk/admin/resources/logos/ocado-w136h50.png]
[totalsweet.co.uk/admin/resources/logos/holland-barrett-w136h50.png]
[totalsweet.co.uk/admin/resources/logos/amazon-w136h50.png]
[totalsweet.co.uk/admin/resources/logos/gnc-w136h50.png]
[totalsweet.co.uk/admin/resources/logos/supervalu-w136h50.png]
[totalsweet.co.uk/admin/resources/logos/boothslogo-w136h50.png]
[totalsweet.co.uk/admin/resources/logos/grape-tree-logo-opaque-w136h50.jpg]
[totalsweet.co.uk/shop/index.html]
[totalsweet.co.uk/admin/resources/logos/totalsweetonlineshop-w205h350-w136h50.png]
[totalsweet.co.uk/stockists/index.html]
[totalsweet.co.uk/admin/resources/content/muffin-landscape-w557.jpg]
[totalsweet.co.uk/admin/resources/content/full-sugar-free-range-w557.jpg]
[totalsweet.co.uk/admin/resources/content/plain-sponge-long-1-w340.jpg]
[totalsweet.co.uk/mixes.html]
[totalsweet.co.uk/admin/resources/content/project-ala-1-w557.jpg]
[totalsweet.co.uk/admin/resources/content/tree-counter-1-w557.jpg]
[totalsweet.co.uk/admin/resources/content/recycling-symbol-w557.jpg]
[totalsweet.co.uk/admin/resources/content/lemur-w340.jpg]
[totalsweet.co.uk/total-sweet-the-environment.html]
[totalsweet.co.uk/xylitol/index-2.html]
[totalsweet.co.uk/dog-owners.html]
[totalsweet.co.uk/admin/resources/content/screenshot-2022-03-28-at-17.01.06-w340.png]
[totalsweet.co.uk/benefits/dieters.html]
[totalsweet.co.uk/admin/resources/content/smile.jpg]
[totalsweet.co.uk/benefits/dental.html]
[totalsweet.co.uk/admin/resources/banners/2022totalsweetmacarons00110-branded-w340.jpg]
[totalsweet.co.uk/benefits/cooking.html]
[totalsweet.co.uk/recipes/index-2.html]
[totalsweet.co.uk/admin/resources/recipes/pancake01-w640h320.jpg]
[totalsweet.co.uk/admin/resources/recipes/pancake01-w420h320.jpg]
[totalsweet.co.uk/recipes/breakfast/perfect-pancakes.html]
[totalsweet.co.uk/admin/resources/recipes/no-bakechocolatetart-w640h320.png]
[totalsweet.co.uk/recipes/desserts/no-bake-chocolate-tart.html]
[totalsweet.co.uk/privacy-and-terms-conditions.html]
[totalsweet.co.uk/study.html]
[totalsweet.co.uk/admin/resources/recipes/no-bakechocolatetart-w420h320.png]
[totalsweet.co.uk/admin/resources/content/balance.jpg]
[totalsweet.co.uk/xylitol/about.html]
[totalsweet.co.uk/admin/resources/content/package-leaves-w250.png]
[totalsweet.co.uk/stockists/index-2.html]
[totalsweet.co.uk/diabetes/index-2.html]
[totalsweet.co.uk/contact-us.html]
[totalsweet.co.uk/admin/resources/content/sugar-falling-homemade-powder.jpg]
[totalsweet.co.uk/xylitol/faqs.html]
[totalsweet.co.uk/admin/resources/content/food-tea-sugar-sweets.jpg]
[totalsweet.co.uk/admin/resources/content/sunny-moran-w340h340.jpg]
[totalsweet.co.uk/admin/resources/content/chris-horridge-w340h340.jpg]
[totalsweet.co.uk/admin/resources/content/antony-haynes-portrait-2-w340h340.jpg]
[totalsweet.co.uk/admin/resources/content/fiona-mcdj1-w340h340.jpg]
[totalsweet.co.uk/admin/resources/content/dr-econs-w340h340.jpg]
[totalsweet.co.uk/admin/resources/content/dbheadshothires1-w340h340.jpg]
[totalsweet.co.uk/admin/resources/content/cake-front-cover-small-w340h340.jpg]
[totalsweet.co.uk/xylitol/expert-opinion.html]
[totalsweet.co.uk/admin/resources/content/lifestyle-faded-medium.jpg]
[totalsweet.co.uk/xylitol/how-is-our-xylitol-made.html]
[totalsweet.co.uk/admin/resources/content/birch-trees.jpg]
[totalsweet.co.uk/benefits/sustainability.html]
[totalsweet.co.uk/admin/resources/recipes/adobestock172859452-w640h320.jpg]
[totalsweet.co.uk/admin/resources/recipes/adobestock172859452-w420h320.jpg]
[totalsweet.co.uk/recipes/snacks-treats/keto-macarons.html]
[totalsweet.co.uk/admin/resources/recipes/sugar-free-me-image-w640h320.jpg]
[totalsweet.co.uk/admin/resources/recipes/sugar-free-me-image-w420h320.jpg]
[totalsweet.co.uk/recipes/breakfast/blueberry-breakfast-muffins.html]
[totalsweet.co.uk/admin/resources/recipes/dscn4188-newwww-w640h320.jpg]
[totalsweet.co.uk/admin/resources/recipes/dscn4188-newwww-w420h320.jpg]
[totalsweet.co.uk/recipes/breakfast/yolanda-dawsons-vegan-french-toast.html]
[totalsweet.co.uk/admin/resources/recipes/dgphoto1269087-w640h320.jpg]
[totalsweet.co.uk/admin/resources/recipes/dgphoto1269087-w420h320.jpg]
[totalsweet.co.uk/recipes/breakfast/fruit-and-yoghurt-crunch-pots.html]
[totalsweet.co.uk/admin/resources/recipes/raspberry-jam-w640h320.jpg]
[totalsweet.co.uk/admin/resources/recipes/raspberry-jam-w420h320.jpg]
[totalsweet.co.uk/recipes/breakfast/raspberry-jam.html]
[totalsweet.co.uk/admin/resources/recipes/2022totalsweetyoghurt-bowl1519-w640h320.jpg]
[totalsweet.co.uk/admin/resources/recipes/2022totalsweetyoghurt-bowl1519-w420h320.jpg]
[totalsweet.co.uk/recipes/breakfast/vegan-acai-protein-bowl.html]
[totalsweet.co.uk/admin/resources/recipes/adobestock72242077-w640h320.jpg]
[totalsweet.co.uk/admin/resources/recipes/adobestock72242077-w420h320.jpg]
[totalsweet.co.uk/recipes/breakfast/no-added-sugar-hazelnut-chocolate-spread.html]
[totalsweet.co.uk/admin/resources/recipes/2022totalsweetcroissants00225-square-w640h320.jpg]
[totalsweet.co.uk/admin/resources/recipes/2022totalsweetcroissants00225-square-w420h320.jpg]
[totalsweet.co.uk/recipes/breakfast/fresh-croissants.html]
[totalsweet.co.uk/admin/resources/recipes/ice-cream-2-w640h320.jpg]
[totalsweet.co.uk/admin/resources/recipes/ice-cream-2-w420h320.jpg]
[totalsweet.co.uk/recipes/desserts/chocolate-ice-cream.html]
[totalsweet.co.uk/admin/resources/recipes/panna-cotta-image-w640h320.jpg]
[totalsweet.co.uk/admin/resources/recipes/panna-cotta-image-w420h320.jpg]
[totalsweet.co.uk/recipes/desserts/low-sugar-panna-cotta.html]
[totalsweet.co.uk/admin/resources/recipes/total-sweet5375-w640h320.jpg]
[totalsweet.co.uk/admin/resources/recipes/total-sweet5375-w420h320.jpg]
[totalsweet.co.uk/recipes/desserts/fruits-of-the-forest-tiramisu.html]
[totalsweet.co.uk/admin/resources/blog/1385644300beetrootcake-w640h320.jpg]
[totalsweet.co.uk/admin/resources/blog/1385644300beetrootcake-w420h320.jpg]
[totalsweet.co.uk/recipes/desserts/no-added-sugar-chocolate-beetroot-cake.html]
[totalsweet.co.uk/admin/resources/recipes/apple-and-almond-image-w640h320.jpg]
[totalsweet.co.uk/admin/resources/recipes/apple-and-almond-image-w420h320.jpg]
[totalsweet.co.uk/recipes/desserts/gluten-free-dairy-free-wheat-free-no-added-sugar-apple-almond-cake.html]
[totalsweet.co.uk/admin/resources/recipes/1355232294touchedupspicedapple2-w640h320.jpg]
[totalsweet.co.uk/admin/resources/recipes/1355232294touchedupspicedapple2-w420h320.jpg]
[totalsweet.co.uk/recipes/desserts/spiced-baked-apples.html]
[totalsweet.co.uk/admin/resources/recipes/plum-and-cinnamon-crumble-2-w640h320.jpg]
[totalsweet.co.uk/admin/resources/recipes/plum-and-cinnamon-crumble-2-w420h320.jpg]
[totalsweet.co.uk/recipes/desserts/xylitol-plum-and-cinnamon-crumble.html]
[totalsweet.co.uk/admin/resources/recipes/summery-fruit-cake-w640h320.jpg]
[totalsweet.co.uk/admin/resources/recipes/summery-fruit-cake-w420h320.jpg]
[totalsweet.co.uk/recipes/desserts/summery-fruit-cake.html]
[totalsweet.co.uk/admin/resources/recipes/flan-1-w640h320.jpg]
[totalsweet.co.uk/admin/resources/recipes/flan-1-w420h320.jpg]
[totalsweet.co.uk/recipes/desserts/raspberry-coconut-flan.html]
[totalsweet.co.uk/admin/resources/blog/1464971938bestchocolatecakeeversmall-w640h320.jpg]
[totalsweet.co.uk/admin/resources/blog/1464971938bestchocolatecakeeversmall-w420h320.jpg]
[totalsweet.co.uk/recipes/desserts/the-best-chocolate-cake-ever.html]
[totalsweet.co.uk/admin/resources/recipes/berry-meringues-medium-w640h320.jpg]
[totalsweet.co.uk/admin/resources/recipes/berry-meringues-medium-w420h320.jpg]
[totalsweet.co.uk/recipes/desserts/no-added-sugar-berry-meringues.html]
[totalsweet.co.uk/admin/resources/recipes/totalsweet25aug2011306-w640h320.jpg]
[totalsweet.co.uk/admin/resources/recipes/totalsweet25aug2011306-w420h320.jpg]
[totalsweet.co.uk/recipes/desserts/chocolate-courgette-cake.html]
[totalsweet.co.uk/admin/resources/recipes/totalsweet25aug2011365-w640h320.jpg]
[totalsweet.co.uk/admin/resources/recipes/totalsweet25aug2011365-w420h320.jpg]
[totalsweet.co.uk/recipes/desserts/chocolate-cheesecake.html]
[totalsweet.co.uk/admin/resources/recipes/1316783298totalsweet25aug2011383-w640h320.jpg]
[totalsweet.co.uk/admin/resources/recipes/1316783298totalsweet25aug2011383-w420h320.jpg]
[totalsweet.co.uk/recipes/desserts/no-added-sugar-carrot-cake.html]
[totalsweet.co.uk/admin/resources/recipes/totalsweet24aug2011183-w640h320.jpg]
[totalsweet.co.uk/admin/resources/recipes/totalsweet24aug2011183-w420h320.jpg]
[totalsweet.co.uk/recipes/desserts/rhubarb-and-ginger-fool.html]
[totalsweet.co.uk/admin/resources/recipes/thehealthy-beard-w640h320.png]
[totalsweet.co.uk/recipes/desserts/the-healthy-beard-vegan-gluten-free-pumpkin-pie.html]
[totalsweet.co.uk/admin/resources/recipes/thehealthy-beard-w420h320.png]
[totalsweet.co.uk/admin/resources/recipes/dgphoto1269120-w640h320.jpg]
[totalsweet.co.uk/admin/resources/recipes/dgphoto1269120-w420h320.jpg]
[totalsweet.co.uk/recipes/desserts/drop-scones.html]
[totalsweet.co.uk/admin/resources/recipes/spiced-apple-cake-web-w640h320.jpg]
[totalsweet.co.uk/admin/resources/recipes/spiced-apple-cake-web-w420h320.jpg]
[totalsweet.co.uk/recipes/desserts/phils-spiced-apple-tea-cake.html]
[totalsweet.co.uk/admin/resources/recipes/ricotta-doughnuts-web-w640h320.jpg]
[totalsweet.co.uk/admin/resources/recipes/ricotta-doughnuts-web-w420h320.jpg]
[totalsweet.co.uk/recipes/desserts/phils-sweet-ricotta-doughnuts.html]
[totalsweet.co.uk/admin/resources/recipes/drizzle-cake-web-w640h320.jpg]
[totalsweet.co.uk/admin/resources/recipes/drizzle-cake-web-w420h320.jpg]
[totalsweet.co.uk/recipes/desserts/phils-poppy-seed-lime-drizzle-cake.html]
[totalsweet.co.uk/admin/resources/recipes/chocolate-orange-tart-web-w640h320.jpg]
[totalsweet.co.uk/admin/resources/recipes/chocolate-orange-tart-web-w420h320.jpg]
[totalsweet.co.uk/recipes/desserts/phils-rich-chocolate-orange-tart.html]
[totalsweet.co.uk/admin/resources/recipes/blueberry-trifle-web-w640h320.jpg]
[totalsweet.co.uk/admin/resources/recipes/blueberry-trifle-web-w420h320.jpg]
[totalsweet.co.uk/recipes/desserts/phils-blueberry-trifle.html]
[totalsweet.co.uk/admin/resources/recipes/phils-w640h320.jpg]
[totalsweet.co.uk/admin/resources/recipes/phils-w420h320.jpg]
[totalsweet.co.uk/recipes/desserts/spiced-christmas-meringue-parfait-with-spiced-pears.html]
[totalsweet.co.uk/admin/resources/recipes/blood-orange-almond-cake-2-w640h320.jpg]
[totalsweet.co.uk/admin/resources/recipes/blood-orange-almond-cake-2-w420h320.jpg]
[totalsweet.co.uk/recipes/desserts/blood-orange-almond-cake.html]
[totalsweet.co.uk/admin/resources/recipes/profiteroles-18-w640h320.jpg]
[totalsweet.co.uk/admin/resources/recipes/profiteroles-18-w420h320.jpg]
[totalsweet.co.uk/recipes/desserts/low-sugar-profiteroles.html]
[totalsweet.co.uk/admin/resources/recipes/key-lime-pie-w640h320.jpg]
[totalsweet.co.uk/admin/resources/recipes/key-lime-pie-w420h320.jpg]
[totalsweet.co.uk/recipes/desserts/vegan-key-lime-pie-with-a-crunchy-sweet-nut-base.html]
[totalsweet.co.uk/admin/resources/recipes/alternative-christmas-cake05-small-w640h320.jpg]
[totalsweet.co.uk/admin/resources/recipes/alternative-christmas-cake05-small-w420h320.jpg]
[totalsweet.co.uk/recipes/desserts/alternative-christmas-cake.html]
[totalsweet.co.uk/admin/resources/recipes/hand-held-pies-smaller-w640h320.jpg]
[totalsweet.co.uk/admin/resources/recipes/hand-held-pies-smaller-w420h320.jpg]
[totalsweet.co.uk/recipes/desserts/chocolate-ganache-hand-held-pies.html]
[totalsweet.co.uk/admin/resources/recipes/tea-cup-cake-small-w640h320.jpg]
[totalsweet.co.uk/admin/resources/recipes/tea-cup-cake-small-w420h320.jpg]
[totalsweet.co.uk/recipes/desserts/apple-spice-hazelnut-steamed-pud-tea-cup-cake.html]
[totalsweet.co.uk/admin/resources/recipes/swiss-roll02-smaller-w640h320.jpg]
[totalsweet.co.uk/admin/resources/recipes/swiss-roll02-smaller-w420h320.jpg]
[totalsweet.co.uk/recipes/desserts/stripy-swiss-roll.html]
[totalsweet.co.uk/admin/resources/recipes/simnel-cake-small-w640h320.jpg]
[totalsweet.co.uk/admin/resources/recipes/simnel-cake-small-w420h320.jpg]
[totalsweet.co.uk/recipes/desserts/simnel-cake.html]
[totalsweet.co.uk/admin/resources/recipes/upside-down-almond-orange-coconut-cake-web-w640h320.jpg]
[totalsweet.co.uk/admin/resources/recipes/upside-down-almond-orange-coconut-cake-web-w420h320.jpg]
[totalsweet.co.uk/recipes/desserts/upside-down-almond-orange-coconut-cake.html]
[totalsweet.co.uk/admin/resources/recipes/kitchen-hacks-w640h320.jpg]
[totalsweet.co.uk/admin/resources/recipes/kitchen-hacks-w420h320.jpg]
[totalsweet.co.uk/recipes/desserts/brandy-snaps.html]
[totalsweet.co.uk/admin/resources/recipes/pumpkin-pie-08-w640h320.jpg]
[totalsweet.co.uk/admin/resources/recipes/pumpkin-pie-08-w420h320.jpg]
[totalsweet.co.uk/recipes/desserts/pumpkin-pie/index.html]
[totalsweet.co.uk/admin/resources/recipes/brownie-02-w640h320.jpg]
[totalsweet.co.uk/admin/resources/recipes/brownie-02-w420h320.jpg]
[totalsweet.co.uk/recipes/desserts/totally-sweet-brownies.html]
[totalsweet.co.uk/admin/resources/recipes/strawberry-swirl-04-w640h320.jpg]
[totalsweet.co.uk/admin/resources/recipes/strawberry-swirl-04-w420h320.jpg]
[totalsweet.co.uk/recipes/desserts/strawberry-swirl-ice-cream.html]
[totalsweet.co.uk/admin/resources/recipes/stollen-16-w640h320.jpg]
[totalsweet.co.uk/admin/resources/recipes/stollen-16-w420h320.jpg]
[totalsweet.co.uk/recipes/desserts/seasonal-stollen.html]
[totalsweet.co.uk/admin/resources/recipes/cheesecake-15-w640h320.jpg]
[totalsweet.co.uk/admin/resources/recipes/cheesecake-15-w420h320.jpg]
[totalsweet.co.uk/recipes/desserts/quick-no-cook-cheesecake.html]
[totalsweet.co.uk/admin/resources/recipes/adobestock110769014-w640h320.jpg]
[totalsweet.co.uk/admin/resources/recipes/adobestock110769014-w420h320.jpg]
[totalsweet.co.uk/recipes/desserts/matcha-chocolate-fudge.html]
[totalsweet.co.uk/admin/resources/recipes/adobestock447313121-w640h320.jpg]
[totalsweet.co.uk/admin/resources/recipes/adobestock447313121-w420h320.jpg]
[totalsweet.co.uk/recipes/desserts/food-week-rice-pudding.html]
[totalsweet.co.uk/admin/resources/recipes/adobestock467194672-2-w640h320.jpg]
[totalsweet.co.uk/admin/resources/recipes/adobestock467194672-2-w420h320.jpg]
[totalsweet.co.uk/recipes/desserts/cornflakes-cookies.html]
[totalsweet.co.uk/admin/resources/recipes/adobestock140972725-w640h320.jpg]
[totalsweet.co.uk/admin/resources/recipes/adobestock140972725-w420h320.jpg]
[totalsweet.co.uk/recipes/desserts/waste-week-chocolate-browine.html]
[totalsweet.co.uk/admin/resources/recipes/2022totalsweetchocolate-keto-cake5322-w640h320.jpg]
[totalsweet.co.uk/admin/resources/recipes/2022totalsweetchocolate-keto-cake5322-w420h320.jpg]
[totalsweet.co.uk/recipes/desserts/keto-chocolate-cake.html]
[totalsweet.co.uk/admin/resources/recipes/rr-jam-w640h320.jpg]
[totalsweet.co.uk/admin/resources/recipes/rr-jam-w420h320.jpg]
[totalsweet.co.uk/recipes/sauces-salads/rhubarb-and-raspberry-jam.html]
[totalsweet.co.uk/admin/resources/recipes/blackcurrant-jam-w640h320.jpg]
[totalsweet.co.uk/admin/resources/recipes/blackcurrant-jam-w420h320.jpg]
[totalsweet.co.uk/recipes/sauces-salads/no-added-sugar-blackcurrant-jam.html]
[totalsweet.co.uk/admin/resources/recipes/totalsweet25aug2011500edit-w640h320.jpg]
[totalsweet.co.uk/admin/resources/recipes/totalsweet25aug2011500edit-w420h320.jpg]
[totalsweet.co.uk/recipes/sauces-salads/courgette-chutney.html]
[totalsweet.co.uk/admin/resources/recipes/tomato-sauce-w640h320.jpg]
[totalsweet.co.uk/admin/resources/recipes/tomato-sauce-w420h320.jpg]
[totalsweet.co.uk/recipes/sauces-salads/total-tomato-sauce.html]
[totalsweet.co.uk/admin/resources/recipes/web2-w640h320.jpg]
[totalsweet.co.uk/admin/resources/recipes/web2-w420h320.jpg]
[totalsweet.co.uk/recipes/sauces-salads/roasted-vegetable-lentils-with-tahini-cream-sauce.html]
[totalsweet.co.uk/admin/resources/recipes/copy-of-copy-of-dsc04527-w640h320.jpg]
[totalsweet.co.uk/admin/resources/recipes/copy-of-copy-of-dsc04527-w420h320.jpg]
[totalsweet.co.uk/recipes/sauces-salads/roasted-butternut-squash-and-apple-soup.html]
[totalsweet.co.uk/admin/resources/recipes/salmon-tart-web-w640h320.jpg]
[totalsweet.co.uk/admin/resources/recipes/salmon-tart-web-w420h320.jpg]
[totalsweet.co.uk/recipes/sauces-salads/salmon-spring-greens-tart-with-a-walnut-almond-pastry-crust.html]
[totalsweet.co.uk/admin/resources/recipes/totalsweetbaking-daynocroplif-223-w640h320.jpg]
[totalsweet.co.uk/admin/resources/recipes/totalsweetbaking-daynocroplif-223-w420h320.jpg]
[totalsweet.co.uk/recipes/sauces-salads/festive-cranberry-sauce.html]
[totalsweet.co.uk/admin/resources/recipes/salad-09-w640h320.jpg]
[totalsweet.co.uk/admin/resources/recipes/salad-09-w420h320.jpg]
[totalsweet.co.uk/recipes/sauces-salads/mango-salad-thai-dressing.html]
[totalsweet.co.uk/admin/resources/recipes/1425981582biscottiimage-w640h320.jpg]
[totalsweet.co.uk/admin/resources/recipes/1425981582biscottiimage-w420h320.jpg]
[totalsweet.co.uk/recipes/snacks-treats/janes-no-added-sugar-biscotti.html]
[totalsweet.co.uk/admin/resources/recipes/xylitol-meringue-kisses-w640h320.jpg]
[totalsweet.co.uk/admin/resources/recipes/xylitol-meringue-kisses-w420h320.jpg]
[totalsweet.co.uk/recipes/snacks-treats/xylitol-meringue-kisses.html]
[totalsweet.co.uk/admin/resources/recipes/mince-pie-parcels-small-w640h320.jpg]
[totalsweet.co.uk/admin/resources/recipes/mince-pie-parcels-small-w420h320.jpg]
[totalsweet.co.uk/recipes/snacks-treats/mince-pie-parcels.html]
[totalsweet.co.uk/admin/resources/recipes/truffles-4-w640h320.jpg]
[totalsweet.co.uk/admin/resources/recipes/truffles-4-w420h320.jpg]
[totalsweet.co.uk/recipes/snacks-treats/chocolate-chestnut-truffles.html]
[totalsweet.co.uk/admin/resources/recipes/apple-and-cinnamon-muffins-2-medium-w640h320.jpg]
[totalsweet.co.uk/admin/resources/recipes/apple-and-cinnamon-muffins-2-medium-w420h320.jpg]
[totalsweet.co.uk/recipes/snacks-treats/apple-cinnamon-muffins.html]
[totalsweet.co.uk/admin/resources/content/chilli-muffins-stack-medium-w640h320.jpg]
[totalsweet.co.uk/admin/resources/content/chilli-muffins-stack-medium-w420h320.jpg]
[totalsweet.co.uk/recipes/snacks-treats/wicked-cheese-and-chilli-muffins.html]
[totalsweet.co.uk/admin/resources/recipes/oatbars-w640h320.jpg]
[totalsweet.co.uk/admin/resources/recipes/oatbars-w420h320.jpg]
[totalsweet.co.uk/recipes/snacks-treats/healthy-oat-bakes.html]
[totalsweet.co.uk/admin/resources/recipes/minature-carrot-cakes-4-w640h320.jpg]
[totalsweet.co.uk/admin/resources/recipes/minature-carrot-cakes-4-w420h320.jpg]
[totalsweet.co.uk/recipes/snacks-treats/low-sugar-mini-carrot-cupcakes.html]
[totalsweet.co.uk/admin/resources/recipes/dgphoto1269035-w640h320.jpg]
[totalsweet.co.uk/admin/resources/recipes/dgphoto1269035-w420h320.jpg]
[totalsweet.co.uk/recipes/snacks-treats/banana-and-pecan-tea-bread.html]
[totalsweet.co.uk/admin/resources/recipes/dgphoto1269151-w640h320.jpg]
[totalsweet.co.uk/admin/resources/recipes/dgphoto1269151-w420h320.jpg]
[totalsweet.co.uk/recipes/snacks-treats/orange-and-peanut-butter-biscuits.html]
[totalsweet.co.uk/admin/resources/recipes/raspberry-diggles-w640h320.jpg]
[totalsweet.co.uk/admin/resources/recipes/raspberry-diggles-w420h320.jpg]
[totalsweet.co.uk/recipes/snacks-treats/phils-raspberry-finger-diggles.html]
[totalsweet.co.uk/admin/resources/recipes/pine-nut-low2-w640h320.jpg]
[totalsweet.co.uk/admin/resources/recipes/pine-nut-low2-w420h320.jpg]
[totalsweet.co.uk/recipes/snacks-treats/phils-vegan-apple-olive-oil-pinenut-cake.html]
[totalsweet.co.uk/admin/resources/recipes/sugar-free-peanut-butter-swirl-brownies-9-w640h320.jpg]
[totalsweet.co.uk/admin/resources/recipes/sugar-free-peanut-butter-swirl-brownies-9-w420h320.jpg]
[totalsweet.co.uk/recipes/snacks-treats/sugar-free-peanut-butter-swirl-brownies.html]
[totalsweet.co.uk/admin/resources/recipes/viennese-whirls-18-w640h320.jpg]
[totalsweet.co.uk/admin/resources/recipes/viennese-whirls-18-w420h320.jpg]
[totalsweet.co.uk/recipes/snacks-treats/sugar-free-viennese-whirls.html]
[totalsweet.co.uk/admin/resources/recipes/bakewell-tarts-23-w640h320.jpg]
[totalsweet.co.uk/admin/resources/recipes/bakewell-tarts-23-w420h320.jpg]
[totalsweet.co.uk/recipes/snacks-treats/low-sugar-bakewell-tarts.html]
[totalsweet.co.uk/admin/resources/recipes/brown-butter-sea-salt-madeleines-12-w640h320.jpg]
[totalsweet.co.uk/admin/resources/recipes/brown-butter-sea-salt-madeleines-12-w420h320.jpg]
[totalsweet.co.uk/recipes/snacks-treats/low-sugar-brown-butter-sea-salt-madeleines.html]
[totalsweet.co.uk/admin/resources/recipes/jwp9328-w640h320.jpg]
[totalsweet.co.uk/admin/resources/recipes/jwp9328-w420h320.jpg]
[totalsweet.co.uk/recipes/snacks-treats/strawberry-dark-chocolate-polenta-swirls.html]
[totalsweet.co.uk/admin/resources/recipes/shortbread04-small-w640h320.jpg]
[totalsweet.co.uk/admin/resources/recipes/shortbread04-small-w420h320.jpg]
[totalsweet.co.uk/recipes/snacks-treats/orange-and-cardamom-shortbread.html]
[totalsweet.co.uk/admin/resources/recipes/gingerbread-slice02-small-w640h320.jpg]
[totalsweet.co.uk/admin/resources/recipes/gingerbread-slice02-small-w420h320.jpg]
[totalsweet.co.uk/recipes/snacks-treats/ginger-slice.html]
[totalsweet.co.uk/admin/resources/recipes/hot-cross-buns-1-small-w640h320.jpg]
[totalsweet.co.uk/admin/resources/recipes/hot-cross-buns-1-small-w420h320.jpg]
[totalsweet.co.uk/recipes/snacks-treats/tear-n-share-sticky-hot-cross-buns.html]
[totalsweet.co.uk/admin/resources/recipes/chocolates-small-ws-w640h320.jpg]
[totalsweet.co.uk/admin/resources/recipes/chocolates-small-ws-w420h320.jpg]
[totalsweet.co.uk/recipes/snacks-treats/chilli-orange-vegan-sugar-free-dark-chocolates.html]
[totalsweet.co.uk/admin/resources/recipes/mince-pies-smaller-w640h320.jpg]
[totalsweet.co.uk/admin/resources/recipes/mince-pies-smaller-w420h320.jpg]
[totalsweet.co.uk/recipes/snacks-treats/mince-pies.html]
[totalsweet.co.uk/admin/resources/recipes/gingerbread-19-w640h320.jpg]
[totalsweet.co.uk/admin/resources/recipes/gingerbread-19-w420h320.jpg]
[totalsweet.co.uk/recipes/snacks-treats/totally-sweet-gingerbread.html]
[totalsweet.co.uk/admin/resources/recipes/toffee-apples-13-w640h320.jpg]
[totalsweet.co.uk/admin/resources/recipes/toffee-apples-13-w420h320.jpg]
[totalsweet.co.uk/recipes/snacks-treats/toffee-apples.html]
[totalsweet.co.uk/admin/resources/recipes/latte-11-w640h320.jpg]
[totalsweet.co.uk/admin/resources/recipes/latte-11-w420h320.jpg]
[totalsweet.co.uk/recipes/snacks-treats/pumpkin-latte.html]
[totalsweet.co.uk/admin/resources/recipes/adobestock331371188-w640h320.jpg]
[totalsweet.co.uk/admin/resources/recipes/adobestock331371188-w420h320.jpg]
[totalsweet.co.uk/recipes/snacks-treats/banana-oat-vegan-cookies.html]
[totalsweet.co.uk/admin/resources/recipes/2022totalsweeteaster-biscuits5141-1-w640h320.jpg]
[totalsweet.co.uk/admin/resources/recipes/2022totalsweeteaster-biscuits5141-1-w420h320.jpg]
[totalsweet.co.uk/recipes/snacks-treats/vegan-easter-biscuits.html]
[totalsweet.co.uk/admin/resources/recipes/adobestock104032959-w640h320.jpg]
[totalsweet.co.uk/admin/resources/recipes/adobestock104032959-w420h320.jpg]
[totalsweet.co.uk/recipes/snacks-treats/lemon-polenta-biscuits.html]
[totalsweet.co.uk/admin/resources/content/recipe-booklet-w250.jpg]
[totalsweet.co.uk/recipes/recipe-booklet.html]
[totalsweet.co.uk/diabetes/diabetes-cookbook.html]
[totalsweet.co.uk/news/415-health-risk-associated-with-artifical-sweeteners.html]
[totalsweet.co.uk/admin/resources/blog/screenshot-2022-03-21-at-11.00.12-w555h350.png]
[totalsweet.co.uk/news/414-balancing-glucose-levels.html]
[totalsweet.co.uk/news/413-did-you-know.html]
[totalsweet.co.uk/admin/resources/blog/no-bakechocolatetart-w555h350.png]
[totalsweet.co.uk/news/412-national-tree-week.html]
[totalsweet.co.uk/news/410-festive-drinks-with-one-wicked-twist.html]
[totalsweet.co.uk/news/409-when-life-gives-you-lemons.html]
[totalsweet.co.uk/news/archive4658.html]
[totalsweet.co.uk/news/archive.html]
[totalsweet.co.uk/admin/resources/content/total-sweet-sharper-image.jpg]
[totalsweet.co.uk/stockists/information-for-retailers.html]
[totalsweet.co.uk/nutritional-information-and-ingredients.html]
[totalsweet.co.uk/shop/baking-mix-details.html]
[totalsweet.co.uk/admin/resources/shop/pstotal-sweet-small-pack-w1280.jpg]
[totalsweet.co.uk/admin/resources/shop/total-sweet-sharper-image-w240h257.jpg]
[totalsweet.co.uk/admin/resources/shop/pstotal-sweet-1kg-w1280.jpg]
[totalsweet.co.uk/shop/index.html]
[totalsweet.co.uk/stockists/index-2.html]
[totalsweet.co.uk/diabetes/index-2.html]
[totalsweet.co.uk/admin/resources/blog/birch-leaves-social-post-01-w555h350.png]
[totalsweet.co.uk/news/412-national-tree-week.html]
[totalsweet.co.uk/admin/resources/blog/totalsweetbaking-daynocroplif-203-w555h350.jpg]
[totalsweet.co.uk/news/410-festive-drinks-with-one-wicked-twist.html]
[totalsweet.co.uk/admin/resources/blog/landscapepackagingshottotalsweet5-w555h350.jpg]
[totalsweet.co.uk/news/409-when-life-gives-you-lemons.html]
[totalsweet.co.uk/news/408-savoury-dishes.html]
[totalsweet.co.uk/news/406-simple-things.html]
[totalsweet.co.uk/news/404-popeye-could-have-been-onto-something.html]
[totalsweet.co.uk/news/402-jam-making-time.html]
[totalsweet.co.uk/news/400-weight-loss-tips-from-christine-bailey.html]
[totalsweet.co.uk/news/398-ice-cream-time.html]
[totalsweet.co.uk/news/archive9ba9.html]
[totalsweet.co.uk/news/archive4658.html]
[totalsweet.co.uk/admin/resources/content/nutritional-information-225g-back-of-pack-w557.jpg]
[totalsweet.co.uk/admin/resources/content/nutritional-information-1kg-back-of-pack-w557.jpg]
[totalsweet.co.uk/nutritional-information-and-ingredients.html]
[totalsweet.co.uk/admin/resources/content/plain-sponge-nutrionals-w557.jpg]
[totalsweet.co.uk/admin/resources/content/chocolate-sponge-nutrionals-w557.jpg]
[totalsweet.co.uk/admin/resources/content/plain-muffin-nutrionals-w557.jpg]
[totalsweet.co.uk/admin/resources/content/chocolate-muffin-nutrionals-w557.jpg]
[totalsweet.co.uk/shop/baking-mix-details.html]
[totalsweet.co.uk/admin/resources/blog/tomato-sauce-2-1-w555h350.jpg]
[totalsweet.co.uk/news/408-savoury-dishes.html]
[totalsweet.co.uk/admin/resources/blog/strawberries-w555h350.jpg]
[totalsweet.co.uk/news/406-simple-things.html]
[totalsweet.co.uk/admin/resources/blog/spinach-w555h350.jpg]
[totalsweet.co.uk/news/404-popeye-could-have-been-onto-something.html]
[totalsweet.co.uk/admin/resources/blog/raspberry-jam-w555h350.jpg]
[totalsweet.co.uk/news/402-jam-making-time.html]
[totalsweet.co.uk/admin/resources/blog/scales-1-w555h350.jpg]
[totalsweet.co.uk/news/400-weight-loss-tips-from-christine-bailey.html]
[totalsweet.co.uk/admin/resources/blog/dm-ice-cream-w555h350.jpg]
[totalsweet.co.uk/news/398-ice-cream-time.html]
[totalsweet.co.uk/news/396-quinoa-salad-with-avocado-mango-and-pomegranate.html]
[totalsweet.co.uk/news/394-national-cherry-cobbler-day.html]
[totalsweet.co.uk/news/392-mental-health-awareness-week.html]
[totalsweet.co.uk/news/390-breakfast-treat-or-dessert.html]
[totalsweet.co.uk/news/388-limited-lemurs.html]
[totalsweet.co.uk/news/386-dental-care.html]
[totalsweet.co.uk/news/archivefdb0.html]
[totalsweet.co.uk/news/archive9ba9.html]
[totalsweet.co.uk/admin/resources/blog/salad-smaller-w555h350.jpg]
[totalsweet.co.uk/news/396-quinoa-salad-with-avocado-mango-and-pomegranate.html]
[totalsweet.co.uk/admin/resources/blog/sweet-cherry-cobbler-w555h350.jpg]
[totalsweet.co.uk/news/394-national-cherry-cobbler-day.html]
[totalsweet.co.uk/admin/resources/blog/mental-health-awareness-week-w555h350.jpg]
[totalsweet.co.uk/news/392-mental-health-awareness-week.html]
[totalsweet.co.uk/admin/resources/blog/dgphoto1269087-w555h350.jpg]
[totalsweet.co.uk/news/390-breakfast-treat-or-dessert.html]
[totalsweet.co.uk/admin/resources/blog/lemur-print-website-w555h350.jpg]
[totalsweet.co.uk/news/388-limited-lemurs.html]
[totalsweet.co.uk/admin/resources/blog/woman-brushing-teeth-w555h350.jpg]
[totalsweet.co.uk/news/386-dental-care.html]
[totalsweet.co.uk/news/384-new-recipes.html]
[totalsweet.co.uk/news/382-asparagus-season-is-here.html]
[totalsweet.co.uk/news/380-lemon-drizzle.html]
[totalsweet.co.uk/news/378-xylitol-and-diabetes.html]
[totalsweet.co.uk/news/376-easter-recipes.html]
[totalsweet.co.uk/news/374-breakfast-in-bed.html]
[totalsweet.co.uk/news/archiveaf4d.html]
[totalsweet.co.uk/news/archivefdb0.html]
[totalsweet.co.uk/admin/resources/recipes/upside-down-almond-orange-coconut-cake-web-w555h350.jpg]
[totalsweet.co.uk/admin/resources/salmon-tart-web-w800.jpg]
[totalsweet.co.uk/news/384-new-recipes.html]
[totalsweet.co.uk/admin/resources/blog/asparagus-w555h350.jpg]
[totalsweet.co.uk/news/382-asparagus-season-is-here.html]
[totalsweet.co.uk/admin/resources/blog/tammy-lemon-drizzle-w555h350.jpg]
[totalsweet.co.uk/news/380-lemon-drizzle.html]
[totalsweet.co.uk/news/378-xylitol-and-diabetes.html]
[totalsweet.co.uk/admin/resources/blog/hot-cross-buns-1-small-w555h350.jpg]
[totalsweet.co.uk/admin/resources/simnel-cake-social-w800.jpg]
[totalsweet.co.uk/news/376-easter-recipes.html]
[totalsweet.co.uk/news/374-breakfast-in-bed.html]
[totalsweet.co.uk/admin/resources/blog/french-toast-fb-w555h350.jpg]
[totalsweet.co.uk/news/372-congratulations.html]
[totalsweet.co.uk/news/370-spring-is-nearly-here.html]
[totalsweet.co.uk/news/368-have-you-entered-our-competition-yet.html]
[totalsweet.co.uk/news/366-impress-on-valentines.html]
[totalsweet.co.uk/news/364-chocolates-galore.html]
[totalsweet.co.uk/news/362-win-a-sugar-free-baking-set.html]
[totalsweet.co.uk/news/archivec575.html]
[totalsweet.co.uk/news/archiveaf4d.html]
[totalsweet.co.uk/admin/resources/new-comp-banner-smaller-w800.jpg]
[totalsweet.co.uk/news/372-congratulations.html]
[totalsweet.co.uk/admin/resources/blog/bbc-good-food-w555h350.jpg]
[totalsweet.co.uk/news/370-spring-is-nearly-here.html]
[totalsweet.co.uk/admin/resources/blog/new-comp-banner-smaller-w555h350.jpg]
[totalsweet.co.uk/news/368-have-you-entered-our-competition-yet.html]
[totalsweet.co.uk/competition/index.html]
[totalsweet.co.uk/admin/resources/dairy-free-creamy-cauliflower-soup-smaller-w800.jpg]
[totalsweet.co.uk/admin/resources/small-salmon-w800.jpg]
[totalsweet.co.uk/admin/resources/smaller-salad-w800.jpg]
[totalsweet.co.uk/admin/resources/small-pudding-w800.jpg]
[totalsweet.co.uk/admin/resources/chocolatehazelnutclusterssmall-clusters-w800.jpg]
[totalsweet.co.uk/news/366-impress-on-valentines.html]
[totalsweet.co.uk/admin/resources/michelle-small-w800.jpg]
[totalsweet.co.uk/admin/resources/blog/chocolates-small-ws-w555h350.jpg]
[totalsweet.co.uk/news/364-chocolates-galore.html]
[totalsweet.co.uk/news/362-win-a-sugar-free-baking-set.html]
[totalsweet.co.uk/news/360-rhubarb-and-custard.html]
[totalsweet.co.uk/news/358-rhubarb-season-is-here.html]
[totalsweet.co.uk/news/356-happy-new-year.html]
[totalsweet.co.uk/news/354-alternative-christmas-dinner.html]
[totalsweet.co.uk/news/350-mince-pies.html]
[totalsweet.co.uk/news/348-winter-warmer.html]
[totalsweet.co.uk/news/archive235c.html]
[totalsweet.co.uk/news/archivec575.html]
[totalsweet.co.uk/competition/terms-conditions.html]
[totalsweet.co.uk/admin/resources/competition/spar-break-graphic-v2-w340.png]
[totalsweet.co.uk/competition/index.html]
[totalsweet.co.uk/admin/resources/rc-french-toast-w800.jpg]
[totalsweet.co.uk/news/360-rhubarb-and-custard.html]
[totalsweet.co.uk/admin/resources/blog/fool-3-small-1-w555h350.jpg]
[totalsweet.co.uk/news/358-rhubarb-season-is-here.html]
[totalsweet.co.uk/admin/resources/blog/smaller-muffins-w555h350.jpg]
[totalsweet.co.uk/news/356-happy-new-year.html]
[totalsweet.co.uk/news/354-alternative-christmas-dinner.html]
[totalsweet.co.uk/admin/resources/blog/mince-pies-smaller-w555h350.jpg]
[totalsweet.co.uk/news/350-mince-pies.html]
[totalsweet.co.uk/admin/resources/blog/winter-bake-w555h350.jpg]
[totalsweet.co.uk/news/348-winter-warmer.html]
[totalsweet.co.uk/news/346-presents-with-a-purpose.html]
[totalsweet.co.uk/news/344-buttermilk-pancakes.html]
[totalsweet.co.uk/news/342-banana-cake-recipe.html]
[totalsweet.co.uk/news/340-roasted-butternut-squash-and-apple-soup-with-spiced-pumpkin-seeds.html]
[totalsweet.co.uk/news/338-love-food-hate-waste.html]
[totalsweet.co.uk/news/336-it-all-starts-with-a-seed.html]
[totalsweet.co.uk/news/archive235c.html]
[totalsweet.co.uk/competition/terms-conditions.html]
[totalsweet.co.uk/news/archivefdfa.html]
[totalsweet.co.uk/admin/resources/blog/presents-with-a-purpose-w555h350.jpg]
[totalsweet.co.uk/news/346-presents-with-a-purpose.html]
[totalsweet.co.uk/admin/resources/blog/buttermilk-pancakes-w555h350.jpg]
[totalsweet.co.uk/news/344-buttermilk-pancakes.html]
[totalsweet.co.uk/admin/resources/blog/christine-cake-recipe-w555h350.jpg]
[totalsweet.co.uk/news/342-banana-cake-recipe.html]
[totalsweet.co.uk/admin/resources/blog/soup-for-fb-and-website-w555h350.jpg]
[totalsweet.co.uk/news/340-roasted-butternut-squash-and-apple-soup-with-spiced-pumpkin-seeds.html]
[totalsweet.co.uk/admin/resources/blog/pumpkin-seeds-w555h350.jpg]
[totalsweet.co.uk/news/338-love-food-hate-waste.html]
[totalsweet.co.uk/admin/resources/blog/plant-corridor-w555h350.jpg]
[totalsweet.co.uk/admin/resources/plant-comparison-w800.jpg]
[totalsweet.co.uk/news/336-it-all-starts-with-a-seed.html]
[totalsweet.co.uk/news/334-halloween-is-coming.html]
[totalsweet.co.uk/news/332-when-is-bread-not-bread.html]
[totalsweet.co.uk/news/330-chiffon-pie.html]
[totalsweet.co.uk/news/328-great-british-food.html]
[totalsweet.co.uk/news/326-butternut-squash-time.html]
[totalsweet.co.uk/news/324-blackcurrant-cheesecake-and-jam.html]
[totalsweet.co.uk/news/archive0b08.html]
[totalsweet.co.uk/news/archivefdfa.html]
[totalsweet.co.uk/admin/resources/blog/pumpkin-pic-w555h350.jpg]
[totalsweet.co.uk/admin/resources/instagram-pumpkin-pie-w800.jpg]
[totalsweet.co.uk/news/334-halloween-is-coming.html]
[totalsweet.co.uk/admin/resources/blog/subway-headline-w555h350.jpg]
[totalsweet.co.uk/news/332-when-is-bread-not-bread.html]
[totalsweet.co.uk/admin/resources/blog/chiffon-pie-w555h350.jpg]
[totalsweet.co.uk/news/330-chiffon-pie.html]
[totalsweet.co.uk/admin/resources/blog/great-british-food-total-sweet-autumn-2020-w555h350.jpg]
[totalsweet.co.uk/news/328-great-british-food.html]
[totalsweet.co.uk/admin/resources/butternut-squash-w800.jpg]
[totalsweet.co.uk/news/326-butternut-squash-time.html]
[totalsweet.co.uk/admin/resources/blog/jo-bc-cheesecake-w555h350.jpg]
[totalsweet.co.uk/news/324-blackcurrant-cheesecake-and-jam.html]
[totalsweet.co.uk/news/322-lemon-drizzle-cake.html]
[totalsweet.co.uk/news/320-not-just-for-desserts.html]
[totalsweet.co.uk/news/318-ready-for-the-week-ahead.html]
[totalsweet.co.uk/news/316-buy-one-get-five-free-mask-exchange-appeal.html]
[totalsweet.co.uk/news/314-weekend-inspiration.html]
[totalsweet.co.uk/news/312-free-plant-based-recipe-book.html]
[totalsweet.co.uk/news/archive1448.html]
[totalsweet.co.uk/news/archive0b08.html]
[totalsweet.co.uk/admin/resources/blog/vegan-food-and-living-lemon-drizzle-w555h350.jpg]
[totalsweet.co.uk/news/322-lemon-drizzle-cake.html]
[totalsweet.co.uk/admin/resources/blog/tomato-sauce-2-w555h350.jpg]
[totalsweet.co.uk/news/320-not-just-for-desserts.html]
[totalsweet.co.uk/admin/resources/blog/french-toast-w555h350.jpg]
[totalsweet.co.uk/news/318-ready-for-the-week-ahead.html]
[totalsweet.co.uk/admin/resources/blog/website-mask-exchange-image-w555h350.jpg]
[totalsweet.co.uk/news/316-buy-one-get-five-free-mask-exchange-appeal.html]
[totalsweet.co.uk/admin/resources/blog/food-effect-doctor-piece-w555h350.jpg]
[totalsweet.co.uk/news/314-weekend-inspiration.html]
[totalsweet.co.uk/admin/resources/blog/book-cover-w555h350.jpg]
[totalsweet.co.uk/offers/index.html]
[totalsweet.co.uk/news/312-free-plant-based-recipe-book.html]
[totalsweet.co.uk/news/310-courgette-time.html]
[totalsweet.co.uk/news/308-eating-for-a-better-complexion.html]
[totalsweet.co.uk/news/306-rhubarb-sponge-cake.html]
[totalsweet.co.uk/news/304-salads-in-the-sun.html]
[totalsweet.co.uk/news/302-healthier-baking-made-simple.html]
[totalsweet.co.uk/news/300-world-environmental-day.html]
[totalsweet.co.uk/news/archive1c8b.html]
[totalsweet.co.uk/news/archive1448.html]
[totalsweet.co.uk/admin/resources/content/purely-plant-based-cover-w250.jpg]
[totalsweet.co.uk/offers/index.html]
[totalsweet.co.uk/admin/resources/courgette-cake-1-lower-res-w800.jpg]
[totalsweet.co.uk/news/310-courgette-time.html]
[totalsweet.co.uk/admin/resources/blog/complexion-w555h350.jpg]
[totalsweet.co.uk/news/308-eating-for-a-better-complexion.html]
[totalsweet.co.uk/admin/resources/blog/rhubarb-w555h350.jpg]
[totalsweet.co.uk/news/306-rhubarb-sponge-cake.html]
[totalsweet.co.uk/admin/resources/vegan-food-and-living-mango-salad-june-2020-w800.jpg]
[totalsweet.co.uk/news/304-salads-in-the-sun.html]
[totalsweet.co.uk/news/302-healthier-baking-made-simple.html]
[totalsweet.co.uk/admin/resources/blog/vic-sponge-w555h350.jpg]
[totalsweet.co.uk/admin/resources/blog/trees-w555h350.jpg]
[totalsweet.co.uk/news/300-world-environmental-day.html]
[totalsweet.co.uk/news/298-bbq-time.html]
[totalsweet.co.uk/news/296-brain-boosting-brownies.html]
[totalsweet.co.uk/news/295-easy-coconut-bread.html]
[totalsweet.co.uk/news/293-rhubarb-and-raspberry-jam.html]
[totalsweet.co.uk/news/291-bring-some-sunshine-to-your-lunchtime.html]
[totalsweet.co.uk/news/289-chocolate-and-beetroot-brownies.html]
[totalsweet.co.uk/news/archivece37.html]
[totalsweet.co.uk/news/archive1c8b.html]
[totalsweet.co.uk/admin/resources/blog/tomato-sauce-w555h350.jpg]
[totalsweet.co.uk/news/298-bbq-time.html]
[totalsweet.co.uk/admin/resources/blog/beetchocolatebrownies1-small-w555h350.jpg]
[totalsweet.co.uk/news/296-brain-boosting-brownies.html]
[totalsweet.co.uk/admin/resources/blog/coconut-xylitol-bread-w555h350.jpg]
[totalsweet.co.uk/news/295-easy-coconut-bread.html]
[totalsweet.co.uk/admin/resources/blog/rhubarb-jam-w555h350.jpg]
[totalsweet.co.uk/news/293-rhubarb-and-raspberry-jam.html]
[totalsweet.co.uk/admin/resources/blog/mango-salad-smaller-w555h350.jpg]
[totalsweet.co.uk/news/291-bring-some-sunshine-to-your-lunchtime.html]
[totalsweet.co.uk/admin/resources/blog/christine-bailey-brownies-w555h350.jpg]
[totalsweet.co.uk/news/289-chocolate-and-beetroot-brownies.html]
[totalsweet.co.uk/news/287-happy-easter.html]
[totalsweet.co.uk/news/285-easter-recipes.html]
[totalsweet.co.uk/news/284-sugar-free-vegan-chocolates.html]
[totalsweet.co.uk/news/282-love-food-hate-waste.html]
[totalsweet.co.uk/news/280-national-artichoke-heart-day.html]
[totalsweet.co.uk/news/278-jam-making.html]
[totalsweet.co.uk/news/archive8c93.html]
[totalsweet.co.uk/news/archivece37.html]
[totalsweet.co.uk/admin/resources/blog/easter-bed-of-the-week-w555h350.jpg]
[totalsweet.co.uk/news/287-happy-easter.html]
[totalsweet.co.uk/admin/resources/blog/simnel-cake-small-w555h350.jpg]
[totalsweet.co.uk/news/285-easter-recipes.html]
[totalsweet.co.uk/admin/resources/blog/daily-mirror-coverage-w555h350.jpg]
[totalsweet.co.uk/news/284-sugar-free-vegan-chocolates.html]
[totalsweet.co.uk/admin/resources/blog/love-food-hate-waste-w555h350.jpg]
[totalsweet.co.uk/news/282-love-food-hate-waste.html]
[totalsweet.co.uk/admin/resources/blog/artichoke-pizza-w555h350.jpg]
[totalsweet.co.uk/news/280-national-artichoke-heart-day.html]
[totalsweet.co.uk/admin/resources/bc-jam-w800.jpg]
[totalsweet.co.uk/news/278-jam-making.html]
[totalsweet.co.uk/news/276-in-season.html]
[totalsweet.co.uk/news/274-pancake-day-is-coming.html]
[totalsweet.co.uk/news/272-mood-boosting-foods.html]
[totalsweet.co.uk/news/270-competition-winner-announcement.html]
[totalsweet.co.uk/news/268-wintry-flavours.html]
[totalsweet.co.uk/news/266-tree-corridors-for-wildlife.html]
[totalsweet.co.uk/news/archivea7f1.html]
[totalsweet.co.uk/news/archive8c93.html]
[totalsweet.co.uk/admin/resources/blog/fool-3-small-w555h350.jpg]
[totalsweet.co.uk/news/276-in-season.html]
[totalsweet.co.uk/admin/resources/vegan-pancake-w800.jpg]
[totalsweet.co.uk/news/274-pancake-day-is-coming.html]
[totalsweet.co.uk/admin/resources/blog/happy-w555h350.jpg]
[totalsweet.co.uk/news/272-mood-boosting-foods.html]
[totalsweet.co.uk/admin/resources/blog/newsletter-image-one-w555h350.jpg]
[totalsweet.co.uk/news/270-competition-winner-announcement.html]
[totalsweet.co.uk/admin/resources/blog/shortbreadsmall-w555h350.jpg]
[totalsweet.co.uk/news/268-wintry-flavours.html]
[totalsweet.co.uk/admin/resources/blog/project-ala-w555h350.jpg]
[totalsweet.co.uk/news/266-tree-corridors-for-wildlife.html]
[totalsweet.co.uk/news/264-more-to-healthy-baking-than-ingredients.html]
[totalsweet.co.uk/news/263-be-inspired.html]
[totalsweet.co.uk/news/261-happy-new-year.html]
[totalsweet.co.uk/news/259-xylitol-getting-more-recognition.html]
[totalsweet.co.uk/news/257-new-christmas-recipes.html]
[totalsweet.co.uk/news/255-christmas-recipes.html]
[totalsweet.co.uk/news/archive5760.html]
[totalsweet.co.uk/news/archivea7f1.html]
[totalsweet.co.uk/admin/resources/lindsay-cotter-9j7shievfi0-unsplash-w800.jpg]
[totalsweet.co.uk/news/264-more-to-healthy-baking-than-ingredients.html]
[totalsweet.co.uk/admin/resources/art-raw-paulina-w800.jpg]
[totalsweet.co.uk/news/263-be-inspired.html]
[totalsweet.co.uk/admin/resources/metro-pic-w800.jpg]
[totalsweet.co.uk/news/261-happy-new-year.html]
[totalsweet.co.uk/admin/resources/tea-cup-cake-small-w800.jpg]
[totalsweet.co.uk/news/259-xylitol-getting-more-recognition.html]
[totalsweet.co.uk/admin/resources/gingerbread-slice02-small-w800.jpg]
[totalsweet.co.uk/news/257-new-christmas-recipes.html]
[totalsweet.co.uk/admin/resources/blog/daily-mail-xylitol-christmas-recipes-w555h350.jpg]
[totalsweet.co.uk/news/255-christmas-recipes.html]
[totalsweet.co.uk/news/253-congratulations-to-pulsin.html]
[totalsweet.co.uk/news/251-hurry-hurry-offer-ends-soon.html]
[totalsweet.co.uk/news/249-10-great-finnish-innovations.html]
[totalsweet.co.uk/news/248-christmas-parfait-and-poached-pears.html]
[totalsweet.co.uk/news/247-comfort-food.html]
[totalsweet.co.uk/news/245-what-to-do-with-your-pumpkin-seeds.html]
[totalsweet.co.uk/news/archive42a7.html]
[totalsweet.co.uk/news/archive5760.html]
[totalsweet.co.uk/admin/resources/pulsin-bar-w800.jpg]
[totalsweet.co.uk/news/253-congratulations-to-pulsin.html]
[totalsweet.co.uk/admin/resources/peppersmith-gum-shot-w800.jpg]
[totalsweet.co.uk/news/251-hurry-hurry-offer-ends-soon.html]
[totalsweet.co.uk/admin/resources/blog/guardian-piece-w555h350.jpg]
[totalsweet.co.uk/news/249-10-great-finnish-innovations.html]
[totalsweet.co.uk/admin/resources/blog/healthy-diet-phil-vickery-w555h350.jpg]
[totalsweet.co.uk/news/248-christmas-parfait-and-poached-pears.html]
[totalsweet.co.uk/admin/resources/blog/comfort-food-w555h350.jpg]
[totalsweet.co.uk/news/247-comfort-food.html]
[totalsweet.co.uk/news/245-what-to-do-with-your-pumpkin-seeds.html]
[totalsweet.co.uk/news/241-chocolate-muffins-with-a-seasonal-twist.html]
[totalsweet.co.uk/news/239-instagram-inspiration.html]
[totalsweet.co.uk/news/238-national-chewing-gum-day.html]
[totalsweet.co.uk/news/236-why-are-we-still-eating-too-much-sugar.html]
[totalsweet.co.uk/news/234-xylitol-icing-sugar.html]
[totalsweet.co.uk/news/archive42a7.html]
[totalsweet.co.uk/news/archive5c43.html]
[totalsweet.co.uk/news/243-national-nut-day]
[totalsweet.co.uk/admin/resources/healthy-food-guide-chocolate-muffins-w800.jpg]
[totalsweet.co.uk/news/241-chocolate-muffins-with-a-seasonal-twist.html]
[totalsweet.co.uk/admin/resources/blog/instagram-shot-w555h350.jpg]
[totalsweet.co.uk/news/239-instagram-inspiration.html]
[totalsweet.co.uk/admin/resources/blog/peppersmith-w555h350.jpg]
[totalsweet.co.uk/news/238-national-chewing-gum-day.html]
[totalsweet.co.uk/admin/resources/blog/sugar-w555h350.jpg]
[totalsweet.co.uk/news/236-why-are-we-still-eating-too-much-sugar.html]
[totalsweet.co.uk/admin/resources/blog/icing-sugar-pic-w555h350.jpg]
[totalsweet.co.uk/news/234-xylitol-icing-sugar.html]
[totalsweet.co.uk/news/232-apple-pear-pancakes.html]
[totalsweet.co.uk/news/230-the-hove-food-hut.html]
[totalsweet.co.uk/news/228-hot-weather-ideas.html]
[totalsweet.co.uk/news/226-vegan-inspiration.html]
[totalsweet.co.uk/news/224-greengages-galore.html]
[totalsweet.co.uk/news/222-trees-for-the-future.html]
[totalsweet.co.uk/news/archive9683.html]
[totalsweet.co.uk/news/archive5c43.html]
[totalsweet.co.uk/news/243-national-nut-day]
[totalsweet.co.uk/admin/resources/recipes/sugar-free-peanut-butter-swirl-brownies-9-w555h350.jpg]
[totalsweet.co.uk/admin/resources/blog/pancakes-w555h350.jpg]
[totalsweet.co.uk/news/232-apple-pear-pancakes.html]
[totalsweet.co.uk/admin/resources/gherkin-w800.jpg]
[totalsweet.co.uk/news/230-the-hove-food-hut.html]
[totalsweet.co.uk/admin/resources/watermelon-slices-w800.jpg]
[totalsweet.co.uk/news/228-hot-weather-ideas.html]
[totalsweet.co.uk/vegan-cakes-and-bakes.html]
[totalsweet.co.uk/admin/resources/key-lime-pie-w800.jpg]
[totalsweet.co.uk/news/226-vegan-inspiration.html]
[totalsweet.co.uk/admin/resources/blog/greengages-w555h350.jpg]
[totalsweet.co.uk/news/224-greengages-galore.html]
[totalsweet.co.uk/admin/resources/trees-for-the-future-dish-w800.jpg]
[totalsweet.co.uk/news/222-trees-for-the-future.html]
[totalsweet.co.uk/news/220-keeping-cool.html]
[totalsweet.co.uk/news/218-xylitol-ice-creams-are-cream-of-the-crop.html]
[totalsweet.co.uk/news/216-special-offer.html]
[totalsweet.co.uk/news/214-total-sweet-xylitol-nominated-for-best-slimming-product.html]
[totalsweet.co.uk/news/213-xylitol-and-dental-health.html]
[totalsweet.co.uk/news/211-chocolate-courgette-cake.html]
[totalsweet.co.uk/news/archive7537.html]
[totalsweet.co.uk/news/archive9683.html]
[totalsweet.co.uk/admin/resources/content/vegan-montage-w557.jpg]
[totalsweet.co.uk/vegan-cakes-and-bakes.html]
[totalsweet.co.uk/admin/resources/lemons-w800.jpg]
[totalsweet.co.uk/news/220-keeping-cool.html]
[totalsweet.co.uk/admin/resources/blog/ice-cream-for-blog-w555h350.jpg]
[totalsweet.co.uk/news/218-xylitol-ice-creams-are-cream-of-the-crop.html]
[totalsweet.co.uk/admin/resources/blog/full-sugar-free-range-square-w555h350.jpg]
[totalsweet.co.uk/news/216-special-offer.html]
[totalsweet.co.uk/admin/resources/blog/your-healthy-living-2-1-w555h350.jpg]
[totalsweet.co.uk/admin/resources/total-sweet-your-healthy-living-w800.jpg]
[totalsweet.co.uk/news/214-total-sweet-xylitol-nominated-for-best-slimming-product.html]
[totalsweet.co.uk/admin/resources/blog/lesly-juarez-1ahgngkuhr0-unsplash-w555h350.jpg]
[totalsweet.co.uk/news/213-xylitol-and-dental-health.html]
[totalsweet.co.uk/admin/resources/blog/courgette-cake-2-lower-res-w555h350.jpg]
[totalsweet.co.uk/news/211-chocolate-courgette-cake.html]
[totalsweet.co.uk/news/209-waffles-for-fathers-day.html]
[totalsweet.co.uk/news/207-competition-time.html]
[totalsweet.co.uk/news/205-quick-and-easy-lemon-cheesecake.html]
[totalsweet.co.uk/news/203-stacey-hart-and-sugar-free-baking.html]
[totalsweet.co.uk/news/201-raw-berry-cheesecake.html]
[totalsweet.co.uk/news/199-bring-some-sunshine-to-your-kitchen.html]
[totalsweet.co.uk/news/archivef62c.html]
[totalsweet.co.uk/news/archive7537.html]
[totalsweet.co.uk/admin/resources/blog/waffle-1-w555h350.jpg]
[totalsweet.co.uk/news/209-waffles-for-fathers-day.html]
[totalsweet.co.uk/admin/resources/blog/chocolate-muffins-small-w555h350.jpg]
[totalsweet.co.uk/news/207-competition-time.html]
[totalsweet.co.uk/admin/resources/blog/polish-cheesecake-w555h350.jpg]
[totalsweet.co.uk/news/205-quick-and-easy-lemon-cheesecake.html]
[totalsweet.co.uk/admin/resources/blog/choc-xylitol-biscuits-w555h350.jpg]
[totalsweet.co.uk/news/203-stacey-hart-and-sugar-free-baking.html]
[totalsweet.co.uk/admin/resources/blog/christine-cheesecake-w555h350.jpg]
[totalsweet.co.uk/news/201-raw-berry-cheesecake.html]
[totalsweet.co.uk/admin/resources/blog/sunshine-w555h350.jpg]
[totalsweet.co.uk/news/199-bring-some-sunshine-to-your-kitchen.html]
[totalsweet.co.uk/news/197-giving-back-to-nature.html]
[totalsweet.co.uk/news/193-unusual-chocolate-hit-for-easter.html]
[totalsweet.co.uk/news/191-rhubarb-season.html]
[totalsweet.co.uk/news/189-asda-launch.html]
[totalsweet.co.uk/news/187-vegan-lemon-poppy-seed-muffins.html]
[totalsweet.co.uk/news/185-simple-popcorn.html]
[totalsweet.co.uk/news/archivee4a7.html]
[totalsweet.co.uk/news/archivef62c.html]
[totalsweet.co.uk/admin/resources/tftf-logo-w800.jpg]
[totalsweet.co.uk/news/197-giving-back-to-nature.html]
[totalsweet.co.uk/admin/resources/blog/beetroot-cake-page-w555h350.jpg]
[totalsweet.co.uk/news/193-unusual-chocolate-hit-for-easter.html]
[totalsweet.co.uk/admin/resources/rhubarb-jam-w800.jpg]
[totalsweet.co.uk/news/191-rhubarb-season.html]
[totalsweet.co.uk/admin/resources/asda-logo-w800.jpg]
[totalsweet.co.uk/news/189-asda-launch.html]
[totalsweet.co.uk/admin/resources/blog/vegan-lemon-and-poppy-seed-muffins-w555h350.jpg]
[totalsweet.co.uk/news/187-vegan-lemon-poppy-seed-muffins.html]
[totalsweet.co.uk/admin/resources/blog/popcorn-social-w555h350.jpg]
[totalsweet.co.uk/news/185-simple-popcorn.html]
[totalsweet.co.uk/news/183-total-sweet-xylitol-mixes-are-a-top-piick.html]
[totalsweet.co.uk/news/181-not-just-for-desserts.html]
[totalsweet.co.uk/news/179-sugar-free-baking-mixes-on-amazon.html]
[totalsweet.co.uk/news/177-avocado-cake.html]
[totalsweet.co.uk/news/175-celebrating-veganuary-in-style.html]
[totalsweet.co.uk/news/173-apple-muffins.html]
[totalsweet.co.uk/news/archive3c09.html]
[totalsweet.co.uk/news/archivee4a7.html]
[totalsweet.co.uk/admin/resources/blog/nl-front-cover-w555h350.jpg]
[totalsweet.co.uk/admin/resources/nl-top-picks-w800.jpg]
[totalsweet.co.uk/news/183-total-sweet-xylitol-mixes-are-a-top-piick.html]
[totalsweet.co.uk/news/181-not-just-for-desserts.html]
[totalsweet.co.uk/admin/resources/blog/tahini-landscape-w555h350.jpg]
[totalsweet.co.uk/admin/resources/full-sugar-free-range-3-w800.jpg]
[totalsweet.co.uk/news/179-sugar-free-baking-mixes-on-amazon.html]
[totalsweet.co.uk/admin/resources/blog/avocado-cake-w555h350.jpg]
[totalsweet.co.uk/news/177-avocado-cake.html]
[totalsweet.co.uk/admin/resources/blog/key-lime-pie-w555h350.jpg]
[totalsweet.co.uk/news/175-celebrating-veganuary-in-style.html]
[totalsweet.co.uk/admin/resources/blog/apple-muffin-mix-w555h350.jpg]
[totalsweet.co.uk/news/173-apple-muffins.html]
[totalsweet.co.uk/news/171-happy-new-year.html]
[totalsweet.co.uk/news/169-merry-christmas.html]
[totalsweet.co.uk/news/167-christmas-flavours.html]
[totalsweet.co.uk/news/165-a-healthier-twist-on-a-christmas-classic.html]
[totalsweet.co.uk/news/163-cranberry-sauce.html]
[totalsweet.co.uk/news/161-sugar-free-baking-range-now-launched.html]
[totalsweet.co.uk/news/archive89ae.html]
[totalsweet.co.uk/news/archive3c09.html]
[totalsweet.co.uk/admin/resources/mountain-image-w800.jpg]
[totalsweet.co.uk/news/171-happy-new-year.html]
[totalsweet.co.uk/admin/resources/blog/christmas-w555h350.jpg]
[totalsweet.co.uk/news/169-merry-christmas.html]
[totalsweet.co.uk/admin/resources/cranberry-and-orange-muffin-xylitol-w800.jpg]
[totalsweet.co.uk/news/167-christmas-flavours.html]
[totalsweet.co.uk/admin/resources/blueberry-trifle-low-res-w800.jpg]
[totalsweet.co.uk/news/165-a-healthier-twist-on-a-christmas-classic.html]
[totalsweet.co.uk/news/163-cranberry-sauce.html]
[totalsweet.co.uk/admin/resources/full-sugar-free-range-2-w800.jpg]
[totalsweet.co.uk/news/161-sugar-free-baking-range-now-launched.html]
[totalsweet.co.uk/news/159-coconut-cherry-muffins.html]
[totalsweet.co.uk/news/157-sugar-free-baking-just-got-even-easierand-a-lot-tastier.html]
[totalsweet.co.uk/news/155-a-glut-of-plums.html]
[totalsweet.co.uk/news/153-it-doesnt-have-to-be-sweet-dishes-xylitol-is-useful-in.html]
[totalsweet.co.uk/news/151-new-vegan-xylitol-recipes.html]
[totalsweet.co.uk/news/150-national-doughnut-week.html]
[totalsweet.co.uk/news/archive1d82.html]
[totalsweet.co.uk/news/archive89ae.html]
[totalsweet.co.uk/admin/resources/blog/cherry-and-coconut-muffins-w555h350.jpg]
[totalsweet.co.uk/news/159-coconut-cherry-muffins.html]
[totalsweet.co.uk/admin/resources/blog/full-sugar-free-range-w555h350.jpg]
[totalsweet.co.uk/news/157-sugar-free-baking-just-got-even-easierand-a-lot-tastier.html]
[totalsweet.co.uk/admin/resources/blog/plums-w555h350.jpg]
[totalsweet.co.uk/news/155-a-glut-of-plums.html]
[totalsweet.co.uk/admin/resources/blog/web2-w555h350.jpg]
[totalsweet.co.uk/news/153-it-doesnt-have-to-be-sweet-dishes-xylitol-is-useful-in.html]
[totalsweet.co.uk/admin/resources/blog/snippet-w555h350.jpg]
[totalsweet.co.uk/news/151-new-vegan-xylitol-recipes.html]
[totalsweet.co.uk/admin/resources/blog/ricotta-doughnuts-web-w555h350.jpg]
[totalsweet.co.uk/news/150-national-doughnut-week.html]
[totalsweet.co.uk/news/148-dont-forget-earth-hour.html]
[totalsweet.co.uk/news/147-pancakes-galore.html]
[totalsweet.co.uk/news/145-veganuary-fever.html]
[totalsweet.co.uk/news/143-christmas-indulgence-with-a-healthy-twist.html]
[totalsweet.co.uk/news/141-820-trees-planted.html]
[totalsweet.co.uk/news/139-honestly-sugar-free-baking.html]
[totalsweet.co.uk/news/archive8c06.html]
[totalsweet.co.uk/news/archive1d82.html]
[totalsweet.co.uk/admin/resources/blog/earth647031916124348-w555h350.jpg]
[totalsweet.co.uk/news/148-dont-forget-earth-hour.html]
[totalsweet.co.uk/admin/resources/blog/winning-pancake-1600x1066-w555h350.jpg]
[totalsweet.co.uk/news/147-pancakes-galore.html]
[totalsweet.co.uk/admin/resources/blog/pine-nut-low2-w555h350.jpg]
[totalsweet.co.uk/news/145-veganuary-fever.html]
[totalsweet.co.uk/admin/resources/blog/phils-w555h350.jpg]
[totalsweet.co.uk/news/143-christmas-indulgence-with-a-healthy-twist.html]
[totalsweet.co.uk/admin/resources/blog/hbncertificate-w555h350.jpg]
[totalsweet.co.uk/news/141-820-trees-planted.html]
[totalsweet.co.uk/admin/resources/blog/pear-and-coconut-cake-w555h350.jpg]
[totalsweet.co.uk/news/139-honestly-sugar-free-baking.html]
[totalsweet.co.uk/news/137-living-sugar-free-for-29-years.html]
[totalsweet.co.uk/news/135-helping-to-replant-trees.html]
[totalsweet.co.uk/news/133-delicious-recipes-from-phil-vickery.html]
[totalsweet.co.uk/news/131-low-sugar-orange-drizzle-cake.html]
[totalsweet.co.uk/news/129-helping-create-a-healthier-you-healthier-planet.html]
[totalsweet.co.uk/news/127-one-of-our-mds-reveals-a-few-little-secrets.html]
[totalsweet.co.uk/news/archive19d2.html]
[totalsweet.co.uk/news/archive8c06.html]
[totalsweet.co.uk/admin/resources/blog/carolyn-hartz-w555h350.jpg]
[totalsweet.co.uk/news/137-living-sugar-free-for-29-years.html]
[totalsweet.co.uk/admin/resources/blog/trees-for-futre-w555h350.jpg]
[totalsweet.co.uk/news/135-helping-to-replant-trees.html]
[totalsweet.co.uk/news/133-delicious-recipes-from-phil-vickery.html]
[totalsweet.co.uk/admin/resources/blog/hfg-april-recipe-w555h350.jpg]
[totalsweet.co.uk/news/131-low-sugar-orange-drizzle-cake.html]
[totalsweet.co.uk/admin/resources/blog/capture-w555h350.jpg]
[totalsweet.co.uk/news/129-helping-create-a-healthier-you-healthier-planet.html]
[totalsweet.co.uk/admin/resources/blog/ed3-w555h350.jpg]
[totalsweet.co.uk/news/127-one-of-our-mds-reveals-a-few-little-secrets.html]
[totalsweet.co.uk/news/125-ireland-tesco-launch.html]
[totalsweet.co.uk/news/123-competition-time.html]
[totalsweet.co.uk/news/121-sugarfreefebruary.html]
[totalsweet.co.uk/news/119-healthy-recipes.html]
[totalsweet.co.uk/news/117-calling-all-baklava-lovers.html]
[totalsweet.co.uk/news/116-sainsburys-magazine-awards-2017.html]
[totalsweet.co.uk/news/archive2459.html]
[totalsweet.co.uk/news/archive19d2.html]
[totalsweet.co.uk/news/125-ireland-tesco-launch.html]
[totalsweet.co.uk/admin/resources/blog/graphic-fo-facebook-w555h350.jpg]
[totalsweet.co.uk/news/123-competition-time.html]
[totalsweet.co.uk/admin/resources/blog/sugarfreefebwebheader2-w555h350.jpg]
[totalsweet.co.uk/news/121-sugarfreefebruary.html]
[totalsweet.co.uk/news/119-healthy-recipes.html]
[totalsweet.co.uk/admin/resources/blog/baklava-w555h350.jpg]
[totalsweet.co.uk/news/117-calling-all-baklava-lovers.html]
[totalsweet.co.uk/news/116-sainsburys-magazine-awards-2017.html]
[totalsweet.co.uk/news/114-ocado-launches-1kg-bag.html]
[totalsweet.co.uk/news/113-national-cupcake-week-19th-25th-september-2016.html]
[totalsweet.co.uk/news/111-welcome-to-our-new-website.html]
[totalsweet.co.uk/news/108-sugar-snub.html]
[totalsweet.co.uk/news/107-lemon-drizzle-cake.html]
[totalsweet.co.uk/news/105-the-best-chocolate-cake-ever.html]
[totalsweet.co.uk/news/archivee459.html]
[totalsweet.co.uk/news/archive2459.html]
[totalsweet.co.uk/admin/resources/blog/ocado1kglaunch-for-website-2-w555h350.jpg]
[totalsweet.co.uk/news/114-ocado-launches-1kg-bag.html]
[totalsweet.co.uk/news/113-national-cupcake-week-19th-25th-september-2016.html]
[totalsweet.co.uk/admin/resources/blog/new-website-screenshot-w555h350.jpg]
[totalsweet.co.uk/news/111-welcome-to-our-new-website.html]
[totalsweet.co.uk/admin/resources/blog/sugarsnubeatingoutcover1024x1024-w555h350.jpg]
[totalsweet.co.uk/news/108-sugar-snub.html]
[totalsweet.co.uk/admin/resources/blog/lemon-drizzle-screen-grab-w555h350.jpg]
[totalsweet.co.uk/news/107-lemon-drizzle-cake.html]
[totalsweet.co.uk/admin/resources/blog/1464971938bestchocolatecakeeversmall-w555h350.jpg]
[totalsweet.co.uk/news/105-the-best-chocolate-cake-ever.html]
[totalsweet.co.uk/news/103-competition-time.html]
[totalsweet.co.uk/news/101-new-instagram-page.html]
[totalsweet.co.uk/news/97-total-sweet-xylitol-launches-in-the-netherlands.html]
[totalsweet.co.uk/news/95-xylitol-for-skin.html]
[totalsweet.co.uk/news/93-celebrity-xylitol-recipes.html]
[totalsweet.co.uk/news/91-happy-st-davids-day.html]
[totalsweet.co.uk/news/archive219f.html]
[totalsweet.co.uk/news/archivee459.html]
[totalsweet.co.uk/admin/resources/blog/instagram-competition-graphic-w555h350.jpg]
[totalsweet.co.uk/news/103-competition-time.html]
[totalsweet.co.uk/admin/resources/blog/instagram-image-w555h350.jpg]
[totalsweet.co.uk/news/101-new-instagram-page.html]
[totalsweet.co.uk/admin/resources/blog/screen-shot-2016-07-07-at-16.38.28-w555h350.png]
[totalsweet.co.uk/news/97-total-sweet-xylitol-launches-in-the-netherlands.html]
[totalsweet.co.uk/news/95-xylitol-for-skin.html]
[totalsweet.co.uk/admin/resources/blog/screen-shot-2016-07-07-at-10.26.21-w555h350.jpg]
[totalsweet.co.uk/admin/resources/blog/chocolate-pudding-w555h350.jpg]
[totalsweet.co.uk/news/93-celebrity-xylitol-recipes.html]
[totalsweet.co.uk/admin/resources/blog/welsh-cakes-w555h350.jpg]
[totalsweet.co.uk/news/91-happy-st-davids-day.html]
[totalsweet.co.uk/news/89-one-lump-or-25.html]
[totalsweet.co.uk/news/87-grape-tree-listing.html]
[totalsweet.co.uk/news/85-eat-more-lose-more.html]
[totalsweet.co.uk/news/83-we-need-nature.html]
[totalsweet.co.uk/news/81-festive-recipe.html]
[totalsweet.co.uk/news/79-fools-and-queens.html]
[totalsweet.co.uk/news/archiveb385.html]
[totalsweet.co.uk/news/archive219f.html]
[totalsweet.co.uk/admin/resources/blog/latte-w555h350.jpg]
[totalsweet.co.uk/news/89-one-lump-or-25.html]
[totalsweet.co.uk/admin/resources/blog/grape-tree-w555h350.jpg]
[totalsweet.co.uk/news/87-grape-tree-listing.html]
[totalsweet.co.uk/admin/resources/blog/scales-w555h350.jpg]
[totalsweet.co.uk/news/85-eat-more-lose-more.html]
[totalsweet.co.uk/admin/resources/blog/ineednature-ts-w555h350.jpg]
[totalsweet.co.uk/news/83-we-need-nature.html]
[totalsweet.co.uk/admin/resources/recipes/panna-cotta-image-w555h350.jpg]
[totalsweet.co.uk/news/81-festive-recipe.html]
[totalsweet.co.uk/admin/resources/blog/fools-queens-w555h350.jpg]
[totalsweet.co.uk/news/79-fools-and-queens.html]
[totalsweet.co.uk/news/75-no-added-sugar-flapjacks.html]
[totalsweet.co.uk/news/77-supervalu-launch.html]
[totalsweet.co.uk/news/73-courgette-recipes.html]
[totalsweet.co.uk/news/71-booths-launch.html]
[totalsweet.co.uk/news/69-secret-of-the-stars.html]
[totalsweet.co.uk/news/67-spreading-the-xylitol-word.html]
[totalsweet.co.uk/news/archivedcf3.html]
[totalsweet.co.uk/news/archiveb385.html]
[totalsweet.co.uk/news/75-no-added-sugar-flapjacks.html]
[totalsweet.co.uk/news/77-supervalu-launch.html]
[totalsweet.co.uk/admin/resources/blog/1441278960smoothiegirl-w555h350.jpg]
[totalsweet.co.uk/news/73-courgette-recipes.html]
[totalsweet.co.uk/admin/resources/blog/booths-logo-w555h350.jpg]
[totalsweet.co.uk/news/71-booths-launch.html]
[totalsweet.co.uk/news/69-secret-of-the-stars.html]
[totalsweet.co.uk/news/67-spreading-the-xylitol-word.html]
[totalsweet.co.uk/news/65-lemon-and-almond-cake.html]
[totalsweet.co.uk/news/63-competition-timeagain.html]
[totalsweet.co.uk/news/61-sugar-free-relaxation.html]
[totalsweet.co.uk/news/59-competition-time.html]
[totalsweet.co.uk/news/57-new-biscotti-recipe-added.html]
[totalsweet.co.uk/news/55-top-chefs-recommend-xylitol.html]
[totalsweet.co.uk/news/archivefa9c.html]
[totalsweet.co.uk/news/archivedcf3.html]
[totalsweet.co.uk/admin/resources/blog/lemon-and-almond-cake-w555h350.jpg]
[totalsweet.co.uk/news/65-lemon-and-almond-cake.html]
[totalsweet.co.uk/news/63-competition-timeagain.html]
[totalsweet.co.uk/news/61-sugar-free-relaxation.html]
[totalsweet.co.uk/admin/resources/blog/sugar-free-me-book-front-cover-w555h350.jpg]
[totalsweet.co.uk/news/59-competition-time.html]
[totalsweet.co.uk/news/57-new-biscotti-recipe-added.html]
[totalsweet.co.uk/news/55-top-chefs-recommend-xylitol.html]
[totalsweet.co.uk/news/53-total-sweet-facebook-page.html]
[totalsweet.co.uk/news/51-kg-bags.html]
[totalsweet.co.uk/news/49-cake-and-bake-show.html]
[totalsweet.co.uk/news/48-bread-and-xylitol.html]
[totalsweet.co.uk/news/47-cool-off-with-xylitol-ice-cream.html]
[totalsweet.co.uk/news/46-total-sweet-xylitol-in-grazia.html]
[totalsweet.co.uk/news/archivebd1b.html]
[totalsweet.co.uk/news/archivefa9c.html]
[totalsweet.co.uk/news/53-total-sweet-facebook-page.html]
[totalsweet.co.uk/news/51-kg-bags.html]
[totalsweet.co.uk/news/49-cake-and-bake-show.html]
[totalsweet.co.uk/news/48-bread-and-xylitol.html]
[totalsweet.co.uk/admin/resources/blog/wheyhey-w555h350.jpg]
[totalsweet.co.uk/news/47-cool-off-with-xylitol-ice-cream.html]
[totalsweet.co.uk/admin/resources/blog/grazia-1-w555h350.jpg]
[totalsweet.co.uk/news/46-total-sweet-xylitol-in-grazia.html]
[totalsweet.co.uk/news/45-brilliant-sugar-free-guide-out-now.html]
[totalsweet.co.uk/news/44-article-from-world-of-food.html]
[totalsweet.co.uk/news/43-give-your-breakfast-some-oomf.html]
[totalsweet.co.uk/news/42-a-great-reason-to-indulge-your-sweet-tooth.html]
[totalsweet.co.uk/news/41-x-is-for-xylitol.html]
[totalsweet.co.uk/news/40-dont-just-take-our-word-for-it.html]
[totalsweet.co.uk/news/archivee51f.html]
[totalsweet.co.uk/news/archivebd1b.html]
[totalsweet.co.uk/admin/resources/blog/blueberry-cheesecake-small--w555h350.jpg]
[totalsweet.co.uk/admin/resources/blueberry-cheesecake-small-.jpg]
[totalsweet.co.uk/news/45-brilliant-sugar-free-guide-out-now.html]
[totalsweet.co.uk/news/44-article-from-world-of-food.html]
[totalsweet.co.uk/news/43-give-your-breakfast-some-oomf.html]
[totalsweet.co.uk/news/42-a-great-reason-to-indulge-your-sweet-tooth.html]
[totalsweet.co.uk/news/41-x-is-for-xylitol.html]
[totalsweet.co.uk/admin/resources/blog/1396888843dailymirrorantiaging--w555h350.jpg]
[totalsweet.co.uk/admin/resources/metro-mention--w800.jpg]
[totalsweet.co.uk/news/40-dont-just-take-our-word-for-it.html]
[totalsweet.co.uk/news/39-adventures-of-a-different-kind.html]
[totalsweet.co.uk/news/38-xylitol-chocolate-beetroot-cake.html]
[totalsweet.co.uk/news/37-total-sweet-xylitol-recipes-fly-at-the-allergy-and-free-from-show.html]
[totalsweet.co.uk/news/36-new-book-launch.html]
[totalsweet.co.uk/news/34-xylitol-recipes-from-the-cake-and-bake-show.html]
[totalsweet.co.uk/news/35-xylitol-yum-yum-tree-fudge.html]
[totalsweet.co.uk/news/archivee24e.html]
[totalsweet.co.uk/news/archivee51f.html]
[totalsweet.co.uk/news/39-adventures-of-a-different-kind.html]
[totalsweet.co.uk/admin/resources/blog/1385644300beetrootcake-w555h350.jpg]
[totalsweet.co.uk/news/38-xylitol-chocolate-beetroot-cake.html]
[totalsweet.co.uk/admin/resources/blog/allergy-and-free-from-show-pic-w555h350.jpg]
[totalsweet.co.uk/news/37-total-sweet-xylitol-recipes-fly-at-the-allergy-and-free-from-show.html]
[totalsweet.co.uk/news/36-new-book-launch.html]
[totalsweet.co.uk/news/34-xylitol-recipes-from-the-cake-and-bake-show.html]
[totalsweet.co.uk/news/35-xylitol-yum-yum-tree-fudge.html]
[totalsweet.co.uk/news/33-total-sweet-xylitol-tesco-launch.html]
[totalsweet.co.uk/news/32-new-facebook-page.html]
[totalsweet.co.uk/news/31-new-no-naughties-recipe-book-launched.html]
[totalsweet.co.uk/news/30-xylitol-and-green-tea.html]
[totalsweet.co.uk/news/29-easter-total-sweet-recipe.html]
[totalsweet.co.uk/news/28-xylitol-product-nominated-for-free-from-award.html]
[totalsweet.co.uk/news/archive09f5.html]
[totalsweet.co.uk/news/archivee24e.html]
[totalsweet.co.uk/news/33-total-sweet-xylitol-tesco-launch.html]
[totalsweet.co.uk/news/32-new-facebook-page.html]
[totalsweet.co.uk/news/31-new-no-naughties-recipe-book-launched.html]
[totalsweet.co.uk/news/30-xylitol-and-green-tea.html]
[totalsweet.co.uk/admin/resources/blog/xylitol-eggs-w555h350.jpg]
[totalsweet.co.uk/news/29-easter-total-sweet-recipe.html]
[totalsweet.co.uk/news/28-xylitol-product-nominated-for-free-from-award.html]
[totalsweet.co.uk/news/27-total-sweet-xylitol-launches-in-sweden.html]
[totalsweet.co.uk/news/26-check-out-our-new-recipes.html]
[totalsweet.co.uk/news/24-new-no-naughties-books-launched.html]
[totalsweet.co.uk/news/25-xylitol-gets-major-recognition.html]
[totalsweet.co.uk/news/23-xylitol-mouthrinse.html]
[totalsweet.co.uk/news/22-xylitol-best-for-healthy-indulgence.html]
[totalsweet.co.uk/news/archivef497.html]
[totalsweet.co.uk/news/archive09f5.html]
[totalsweet.co.uk/news/27-total-sweet-xylitol-launches-in-sweden.html]
[totalsweet.co.uk/news/26-check-out-our-new-recipes.html]
[totalsweet.co.uk/news/24-new-no-naughties-books-launched.html]
[totalsweet.co.uk/news/25-xylitol-gets-major-recognition.html]
[totalsweet.co.uk/news/23-xylitol-mouthrinse.html]
[totalsweet.co.uk/news/22-xylitol-best-for-healthy-indulgence.html]
[totalsweet.co.uk/news/20-xylitol-pharmacy-launch.html]
[totalsweet.co.uk/news/21-no-naughties.html]
[totalsweet.co.uk/news/19-xylitol-online-shop-launches.html]
[totalsweet.co.uk/news/18-xylitol-and-dental-benefits.html]
[totalsweet.co.uk/news/17-xylitol-and-diabetes.html]
[totalsweet.co.uk/news/16-sweet-lining-to-beauty-study.html]
[totalsweet.co.uk/news/archivef497.html]
[totalsweet.co.uk/news/archive763c.html]
[totalsweet.co.uk/news/20-xylitol-pharmacy-launch.html]
[totalsweet.co.uk/news/21-no-naughties.html]
[totalsweet.co.uk/news/19-xylitol-online-shop-launches.html]
[totalsweet.co.uk/news/18-xylitol-and-dental-benefits.html]
[totalsweet.co.uk/news/17-xylitol-and-diabetes.html]
[totalsweet.co.uk/news/16-sweet-lining-to-beauty-study.html]
[totalsweet.co.uk/news/15-check-out-co-yo.html]
[totalsweet.co.uk/news/14-easter-recipe.html]
[totalsweet.co.uk/news/13-taste-test.html]
[totalsweet.co.uk/news/12-merry-christmas-and-a-happy-new-year.html]
[totalsweet.co.uk/news/11-new-recipes.html]
[totalsweet.co.uk/news/10-britains-best-dish.html]
[totalsweet.co.uk/news/archive8b08.html]
[totalsweet.co.uk/news/archive763c.html]
[totalsweet.co.uk/news/15-check-out-co-yo.html]
[totalsweet.co.uk/news/14-easter-recipe.html]
[totalsweet.co.uk/news/13-taste-test.html]
[totalsweet.co.uk/news/12-merry-christmas-and-a-happy-new-year.html]
[totalsweet.co.uk/news/11-new-recipes.html]
[totalsweet.co.uk/news/10-britains-best-dish.html]
[totalsweet.co.uk/news/9-tell-us-what-you-think-please.html]
[totalsweet.co.uk/news/5-1kg-bag-launch.html]
[totalsweet.co.uk/news/6-58840-trees-planted.html]
[totalsweet.co.uk/news/7-xylitol-ambassadors.html]
[totalsweet.co.uk/news/3-cakes-from-the-tooth-fairy-by-sue-simkins.html]
[totalsweet.co.uk/news/4-perfect-sweet-becomes-total-sweet.html]
[totalsweet.co.uk/news/archivece8a.html]
[totalsweet.co.uk/news/archive8b08.html]
[totalsweet.co.uk/news/9-tell-us-what-you-think-please.html]
[totalsweet.co.uk/news/5-1kg-bag-launch.html]
[totalsweet.co.uk/news/6-58840-trees-planted.html]
[totalsweet.co.uk/news/7-xylitol-ambassadors.html]
[totalsweet.co.uk/news/3-cakes-from-the-tooth-fairy-by-sue-simkins.html]
[totalsweet.co.uk/news/4-perfect-sweet-becomes-total-sweet.html]
[totalsweet.co.uk/news/1-whats-in-your-cupboard.html]
[totalsweet.co.uk/news/2-vegetarian-society-approves-total-sweet.html]
[totalsweet.co.uk/news/archivece8a.html]
[totalsweet.co.uk/news/1-whats-in-your-cupboard.html]
[totalsweet.co.uk/news/2-vegetarian-society-approves-total-sweet.html]
[code.createjs.com/createjs-2015.11.26.min.js]
[www.google.com/recaptcha/api6eb3.js]
[totalsweet.co.uk/news/rss]
[totalsweet.co.uk/css/grabbing.418.delayed]
[totalsweet.co.uk/images/icons/arrow-right-green.png]
[totalsweet.co.uk/images/icons/toggle-down.png]
[totalsweet.co.uk/images/icons/flags/United-Kingdom.png]
[totalsweet.co.uk/images/icons/flags/Netherlands.png]
[totalsweet.co.uk/images/icons/flags/France.png]
[totalsweet.co.uk/images/icons/flags/Germany.png]
[totalsweet.co.uk/images/icons/flags/Sweden.png]
[totalsweet.co.uk/images/icons/toggle-up.png]
[totalsweet.co.uk/images/icons/arrow-right-blue.png]
[totalsweet.co.uk/images/icons/svg/close.svg]
[totalsweet.co.uk/images/icons/close.png]
[totalsweet.co.uk/images/icons/parent-page.png]
[totalsweet.co.uk/images/icons/arrow-down-blue.png]
[totalsweet.co.uk/images/icons/arrow-up-blue.png]
[totalsweet.co.uk/images/icons/caption-offset.png]
[totalsweet.co.uk/images/icons/caption-above-right.png]
[totalsweet.co.uk/images/icons/caption-above-left.png]
[totalsweet.co.uk/images/icons/caption-up.png]
[totalsweet.co.uk/images/icons/arrow-right-lg-green.png]
[totalsweet.co.uk/images/icons/arrow-left-lg-green.png]
[totalsweet.co.uk/images/graphics/leaf-top.png]
[totalsweet.co.uk/images/graphics/leaf-bottom.png]
[totalsweet.co.uk/images/icons/cta-row-star.png]
[totalsweet.co.uk/images/graphics/bees-on-white.gif]
[totalsweet.co.uk/images/graphics/special/banner-bg.png]
[totalsweet.co.uk/images/graphics/special/banner-fg.png]
[totalsweet.co.uk/images/icons/svg/orb.svg]
[totalsweet.co.uk/images/icons/orb.png]
[totalsweet.co.uk/images/icons/svg/gi.svg]
[totalsweet.co.uk/images/icons/gi.png]
[totalsweet.co.uk/images/icons/svg/teeth.svg]
[totalsweet.co.uk/images/icons/teeth.png]
[totalsweet.co.uk/images/icons/svg/cake.svg]
[totalsweet.co.uk/images/icons/cake.png]
[totalsweet.co.uk/images/icons/svg/sust.svg]
[totalsweet.co.uk/images/icons/sust.png]
[totalsweet.co.uk/images/icons/svg/dog-danger.svg]
[totalsweet.co.uk/images/icons/dog-danger.png]
[totalsweet.co.uk/images/icons/svg/facebook.svg]
[totalsweet.co.uk/images/icons/facebook.png]
[totalsweet.co.uk/images/icons/svg/instagram.svg]
[totalsweet.co.uk/images/icons/instagram.png]
[totalsweet.co.uk/images/icons/location.png]
[totalsweet.co.uk/images/icons/toggle-down@2x.png]
[totalsweet.co.uk/images/icons/flags/United-Kingdom@2x.png]
[totalsweet.co.uk/images/icons/flags/Netherlands@2x.png]
[totalsweet.co.uk/images/icons/flags/France@2x.png]
[totalsweet.co.uk/images/icons/flags/Germany@2x.png]
[totalsweet.co.uk/images/icons/flags/Sweden@2x.png]
[totalsweet.co.uk/images/icons/toggle-up@2x.png]
[totalsweet.co.uk/images/icons/arrow-down-blue@2x.png]
[totalsweet.co.uk/images/icons/arrow-up-blue@2x.png]
[totalsweet.co.uk/images/icons/arrow-right-blue@2x.png]
[totalsweet.co.uk/images/icons/arrow-right-green@2x.png]
[totalsweet.co.uk/images/icons/caption-offset@2x.png]
[totalsweet.co.uk/images/icons/caption-above-right@2x.png]
[totalsweet.co.uk/images/icons/caption-above-left@2x.png]
[totalsweet.co.uk/images/icons/caption-up@2x.png]
[totalsweet.co.uk/images/icons/cta-row-star@2x.png]
[totalsweet.co.uk/images/graphics/bees-on-white@2x.gif]
[totalsweet.co.uk/images/icons/arrow-right-lg-green@2x.png]
[totalsweet.co.uk/images/icons/arrow-left-lg-green@2x.png]
[totalsweet.co.uk/images/graphics/special/banner-bg@2x.png]
[totalsweet.co.uk/images/graphics/special/banner-fg@2x.png]
[totalsweet.co.uk/images/icons/location@2x.png]
[totalsweet.co.uk/images/icons/orb@2x.png]
[totalsweet.co.uk/images/icons/gi@2x.png]
[totalsweet.co.uk/images/icons/teeth@2x.png]
[totalsweet.co.uk/images/icons/cake@2x.png]
[totalsweet.co.uk/images/icons/sust@2x.png]
[totalsweet.co.uk/images/icons/dog-danger@2x.png]
[totalsweet.co.uk/images/icons/facebook@2x.png]
[totalsweet.co.uk/images/icons/instagram@2x.png]
[totalsweet.co.uk/images/icons/close@2x.png]
[totalsweet.co.uk/images/icons/toggle-down@3x.png]
[totalsweet.co.uk/images/icons/toggle-up@3x.png]
[totalsweet.co.uk/images/icons/arrow-down-blue@3x.png]
[totalsweet.co.uk/images/icons/arrow-up-blue@3x.png]
[totalsweet.co.uk/images/icons/arrow-right-blue@3x.png]
[totalsweet.co.uk/images/icons/arrow-right-green@3x.png]
[totalsweet.co.uk/images/icons/caption-offset@3x.png]
[totalsweet.co.uk/images/icons/caption-above-right@3x.png]
[totalsweet.co.uk/images/icons/caption-above-left@3x.png]
[totalsweet.co.uk/images/icons/caption-up@3x.png]
[totalsweet.co.uk/images/icons/cta-row-star@3x.png]
[totalsweet.co.uk/images/graphics/bees-on-white@3x.gif]
[totalsweet.co.uk/images/icons/arrow-right-lg-green@3x.png]
[totalsweet.co.uk/images/icons/arrow-left-lg-green@3x.png]
[totalsweet.co.uk/images/graphics/special/banner-bg@3x.png]
[totalsweet.co.uk/images/graphics/special/banner-fg@3x.png]
[totalsweet.co.uk/images/icons/location@3x.png]
[totalsweet.co.uk/images/icons/orb@3x.png]
[totalsweet.co.uk/images/icons/gi@3x.png]
[totalsweet.co.uk/images/icons/teeth@3x.png]
[totalsweet.co.uk/images/icons/cake@3x.png]
[totalsweet.co.uk/images/icons/sust@3x.png]
[totalsweet.co.uk/images/icons/dog-danger@3x.png]
[totalsweet.co.uk/images/icons/facebook@3x.png]
[totalsweet.co.uk/images/icons/instagram@3x.png]
[totalsweet.co.uk/images/icons/close@3x.png]
[totalsweet.co.uk/fonts/baconsandwich-regular-webfont.eot]
[totalsweet.co.uk/fonts/baconsandwich-regular-webfontd41d.eot]
[totalsweet.co.uk/fonts/baconsandwich-regular-webfont.woff]
[totalsweet.co.uk/fonts/baconsandwich-regular-webfont.ttf]
[totalsweet.co.uk/fonts/baconsandwich-regular-webfont.svg]
[totalsweet.co.uk/css/main0dbe.css]
[totalsweet.co.uk/css/print0dbe.css]
[totalsweet.co.uk/total-sweet-the-environment.html]
[totalsweet.co.uk/xylitol/index-2.html]
[totalsweet.co.uk/xylitol/expert-opinion.html]
[connect.facebook.net/en_GB/sdk.js]
[totalsweet.co.uk/recipes/snacks-treats/keto-macarons.html]
[totalsweet.co.uk/recipes/desserts/drop-scones.html]
[totalsweet.co.uk/recipes/snacks-treats/xylitol-meringue-kisses.html]
[totalsweet.co.uk/recipes/snacks-treats/lemon-polenta-biscuits.html]
[totalsweet.co.uk/news/414-balancing-glucose-levels.html]
[totalsweet.co.uk/stockists/index-2.html]
[totalsweet.co.uk/news/412-national-tree-week.html]
[totalsweet.co.uk/nutritional-information-and-ingredients.html]
[totalsweet.co.uk/news/372-congratulations.html]
[totalsweet.co.uk/news/298-bbq-time.html]
[totalsweet.co.uk/admin/resources/pumpkin-pic-w800.jpg]
[totalsweet.co.uk/news/220-keeping-cool.html]
[totalsweet.co.uk/css/grabbing.html]
[totalsweet.co.uk/images/icons/svg/close.svg]
[totalsweet.co.uk/images/icons/svg/orb.svg]
[totalsweet.co.uk/images/icons/svg/gi.svg]
[totalsweet.co.uk/images/icons/svg/teeth.svg]
[totalsweet.co.uk/images/icons/svg/cake.svg]
[totalsweet.co.uk/images/icons/svg/sust.svg]
[totalsweet.co.uk/images/icons/svg/dog-danger.svg]
[totalsweet.co.uk/images/icons/svg/facebook.svg]
[totalsweet.co.uk/images/icons/svg/instagram.svg]
[totalsweet.co.uk/fonts/baconsandwich-regular-webfont.svg]
